20:45:20 INFO foresight.train.train: data: train 60000 / val 60000 / test 60000 scenes (30.2s)
20:45:20 INFO foresight.train.train: init from results/checkpoints/eth/seed0/best.pth
20:45:20 INFO foresight.train.train: model params: 7563
2026/09/17 20:45:21 INFO mlflow.tracking.fluent: Experiment with name 'social-stgcnn-rtls' does not exist. Creating a new experiment.
20:45:28 INFO foresight.train.train: epoch 0 step 50 loss -0.1607
20:45:30 INFO foresight.train.train: epoch 0 step 100 loss -0.2183
20:45:33 INFO foresight.train.train: epoch 0 step 150 loss -0.2430
20:45:36 INFO foresight.train.train: epoch 0 step 200 loss -0.2617
20:45:39 INFO foresight.train.train: epoch 0 step 250 loss -0.2779
20:45:41 INFO foresight.train.train: epoch 0 step 300 loss -0.2859
20:45:44 INFO foresight.train.train: epoch 0 step 350 loss -0.2945
20:45:47 INFO foresight.train.train: epoch 0 step 400 loss -0.3002
20:45:50 INFO foresight.train.train: epoch 0 step 450 loss -0.3056
20:46:05 INFO foresight.train.train: epoch   0 train -0.3075 val -0.3472 lr 0.002 (43.5s) *
20:46:12 INFO foresight.train.train: epoch 1 step 50 loss -0.3471
20:46:15 INFO foresight.train.train: epoch 1 step 100 loss -0.3524
20:46:18 INFO foresight.train.train: epoch 1 step 150 loss -0.3537
20:46:20 INFO foresight.train.train: epoch 1 step 200 loss -0.3568
20:46:23 INFO foresight.train.train: epoch 1 step 250 loss -0.3577
20:46:26 INFO foresight.train.train: epoch 1 step 300 loss -0.3596
20:46:29 INFO foresight.train.train: epoch 1 step 350 loss -0.3613
20:46:32 INFO foresight.train.train: epoch 1 step 400 loss -0.3643
20:46:34 INFO foresight.train.train: epoch 1 step 450 loss -0.3661
20:46:49 INFO foresight.train.train: epoch   1 train -0.3672 val -0.3714 lr 0.002 (43.9s) *
20:46:55 INFO foresight.train.train: epoch 2 step 50 loss -0.3785
20:46:58 INFO foresight.train.train: epoch 2 step 100 loss -0.3758
20:47:01 INFO foresight.train.train: epoch 2 step 150 loss -0.3787
20:47:04 INFO foresight.train.train: epoch 2 step 200 loss -0.3789
20:47:06 INFO foresight.train.train: epoch 2 step 250 loss -0.3783
20:47:09 INFO foresight.train.train: epoch 2 step 300 loss -0.3808
20:47:12 INFO foresight.train.train: epoch 2 step 350 loss -0.3832
20:47:15 INFO foresight.train.train: epoch 2 step 400 loss -0.3837
20:47:18 INFO foresight.train.train: epoch 2 step 450 loss -0.3855
20:47:32 INFO foresight.train.train: epoch   2 train -0.3856 val -0.3853 lr 0.002 (43.3s) *
20:47:38 INFO foresight.train.train: epoch 3 step 50 loss -0.3951
20:47:41 INFO foresight.train.train: epoch 3 step 100 loss -0.3974
20:47:44 INFO foresight.train.train: epoch 3 step 150 loss -0.3969
20:47:47 INFO foresight.train.train: epoch 3 step 200 loss -0.3949
20:47:49 INFO foresight.train.train: epoch 3 step 250 loss -0.3965
20:47:52 INFO foresight.train.train: epoch 3 step 300 loss -0.3971
20:47:55 INFO foresight.train.train: epoch 3 step 350 loss -0.3956
20:47:58 INFO foresight.train.train: epoch 3 step 400 loss -0.3953
20:48:00 INFO foresight.train.train: epoch 3 step 450 loss -0.3965
20:48:15 INFO foresight.train.train: epoch   3 train -0.3973 val -0.3946 lr 0.002 (43.0s) *
20:48:21 INFO foresight.train.train: epoch 4 step 50 loss -0.3991
20:48:24 INFO foresight.train.train: epoch 4 step 100 loss -0.3968
20:48:27 INFO foresight.train.train: epoch 4 step 150 loss -0.4021
20:48:30 INFO foresight.train.train: epoch 4 step 200 loss -0.4047
20:48:32 INFO foresight.train.train: epoch 4 step 250 loss -0.4045
20:48:35 INFO foresight.train.train: epoch 4 step 300 loss -0.4040
20:48:38 INFO foresight.train.train: epoch 4 step 350 loss -0.4065
20:48:40 INFO foresight.train.train: epoch 4 step 400 loss -0.4059
20:48:43 INFO foresight.train.train: epoch 4 step 450 loss -0.4047
20:48:57 INFO foresight.train.train: epoch   4 train -0.4058 val -0.4012 lr 0.002 (42.0s) *
20:49:03 INFO foresight.train.train: epoch 5 step 50 loss -0.4106
20:49:06 INFO foresight.train.train: epoch 5 step 100 loss -0.4015
20:49:09 INFO foresight.train.train: epoch 5 step 150 loss -0.4067
20:49:12 INFO foresight.train.train: epoch 5 step 200 loss -0.4064
20:49:14 INFO foresight.train.train: epoch 5 step 250 loss -0.4083
20:49:17 INFO foresight.train.train: epoch 5 step 300 loss -0.4089
20:49:20 INFO foresight.train.train: epoch 5 step 350 loss -0.4099
20:49:22 INFO foresight.train.train: epoch 5 step 400 loss -0.4101
20:49:25 INFO foresight.train.train: epoch 5 step 450 loss -0.4110
20:49:39 INFO foresight.train.train: epoch   5 train -0.4126 val -0.4053 lr 0.002 (41.6s) *
20:49:45 INFO foresight.train.train: epoch 6 step 50 loss -0.4087
20:49:48 INFO foresight.train.train: epoch 6 step 100 loss -0.4151
20:49:50 INFO foresight.train.train: epoch 6 step 150 loss -0.4149
20:49:53 INFO foresight.train.train: epoch 6 step 200 loss -0.4133
20:49:56 INFO foresight.train.train: epoch 6 step 250 loss -0.4150
20:49:58 INFO foresight.train.train: epoch 6 step 300 loss -0.4167
20:50:01 INFO foresight.train.train: epoch 6 step 350 loss -0.4156
20:50:04 INFO foresight.train.train: epoch 6 step 400 loss -0.4161
20:50:07 INFO foresight.train.train: epoch 6 step 450 loss -0.4170
20:50:20 INFO foresight.train.train: epoch   6 train -0.4178 val -0.4113 lr 0.002 (41.6s) *
20:50:27 INFO foresight.train.train: epoch 7 step 50 loss -0.4222
20:50:29 INFO foresight.train.train: epoch 7 step 100 loss -0.4184
20:50:32 INFO foresight.train.train: epoch 7 step 150 loss -0.4147
20:50:34 INFO foresight.train.train: epoch 7 step 200 loss -0.4178
20:50:37 INFO foresight.train.train: epoch 7 step 250 loss -0.4196
20:50:40 INFO foresight.train.train: epoch 7 step 300 loss -0.4214
20:50:42 INFO foresight.train.train: epoch 7 step 350 loss -0.4219
20:50:45 INFO foresight.train.train: epoch 7 step 400 loss -0.4226
20:50:48 INFO foresight.train.train: epoch 7 step 450 loss -0.4222
20:51:02 INFO foresight.train.train: epoch   7 train -0.4223 val -0.4176 lr 0.002 (41.7s) *
20:51:08 INFO foresight.train.train: epoch 8 step 50 loss -0.4278
20:51:11 INFO foresight.train.train: epoch 8 step 100 loss -0.4249
20:51:14 INFO foresight.train.train: epoch 8 step 150 loss -0.4259
20:51:17 INFO foresight.train.train: epoch 8 step 200 loss -0.4248
20:51:19 INFO foresight.train.train: epoch 8 step 250 loss -0.4277
20:51:22 INFO foresight.train.train: epoch 8 step 300 loss -0.4268
20:51:25 INFO foresight.train.train: epoch 8 step 350 loss -0.4271
20:51:28 INFO foresight.train.train: epoch 8 step 400 loss -0.4268
20:51:31 INFO foresight.train.train: epoch 8 step 450 loss -0.4270
20:51:45 INFO foresight.train.train: epoch   8 train -0.4264 val -0.4214 lr 0.002 (42.6s) *
20:51:51 INFO foresight.train.train: epoch 9 step 50 loss -0.4321
20:51:53 INFO foresight.train.train: epoch 9 step 100 loss -0.4311
20:51:56 INFO foresight.train.train: epoch 9 step 150 loss -0.4308
20:51:59 INFO foresight.train.train: epoch 9 step 200 loss -0.4280
20:52:02 INFO foresight.train.train: epoch 9 step 250 loss -0.4278
20:52:04 INFO foresight.train.train: epoch 9 step 300 loss -0.4268
20:52:07 INFO foresight.train.train: epoch 9 step 350 loss -0.4276
20:52:10 INFO foresight.train.train: epoch 9 step 400 loss -0.4279
20:52:13 INFO foresight.train.train: epoch 9 step 450 loss -0.4297
20:52:27 INFO foresight.train.train: epoch   9 train -0.4301 val -0.4249 lr 0.002 (42.0s) *
20:52:33 INFO foresight.train.train: epoch 10 step 50 loss -0.4369
20:52:35 INFO foresight.train.train: epoch 10 step 100 loss -0.4309
20:52:38 INFO foresight.train.train: epoch 10 step 150 loss -0.4327
20:52:41 INFO foresight.train.train: epoch 10 step 200 loss -0.4334
20:52:43 INFO foresight.train.train: epoch 10 step 250 loss -0.4323
20:52:46 INFO foresight.train.train: epoch 10 step 300 loss -0.4318
20:52:49 INFO foresight.train.train: epoch 10 step 350 loss -0.4325
20:52:52 INFO foresight.train.train: epoch 10 step 400 loss -0.4332
20:52:54 INFO foresight.train.train: epoch 10 step 450 loss -0.4329
20:53:09 INFO foresight.train.train: epoch  10 train -0.4334 val -0.4284 lr 0.002 (41.8s) *
20:53:14 INFO foresight.train.train: epoch 11 step 50 loss -0.4283
20:53:17 INFO foresight.train.train: epoch 11 step 100 loss -0.4278
20:53:20 INFO foresight.train.train: epoch 11 step 150 loss -0.4354
20:53:23 INFO foresight.train.train: epoch 11 step 200 loss -0.4355
20:53:26 INFO foresight.train.train: epoch 11 step 250 loss -0.4371
20:53:28 INFO foresight.train.train: epoch 11 step 300 loss -0.4366
20:53:31 INFO foresight.train.train: epoch 11 step 350 loss -0.4378
20:53:34 INFO foresight.train.train: epoch 11 step 400 loss -0.4378
20:53:37 INFO foresight.train.train: epoch 11 step 450 loss -0.4376
