19:43:50 INFO foresight.train.train: data: train 2076 / val 530 / test 947 scenes (0.9s)
19:43:50 INFO foresight.train.train: model params: 7563
19:43:59 INFO foresight.train.train: epoch   0 train 1.5729 val 1.5542 lr 0.01 (7.7s) *
19:44:09 INFO foresight.train.train: epoch   1 train 0.8193 val 1.7097 lr 0.01 (10.0s)
19:44:19 INFO foresight.train.train: epoch   2 train 0.6015 val 2.4652 lr 0.01 (10.2s)
19:44:26 INFO foresight.train.train: epoch   3 train 0.4449 val 0.9532 lr 0.01 (7.5s) *
19:44:34 INFO foresight.train.train: epoch   4 train 0.3273 val 1.6839 lr 0.01 (7.4s)
19:44:41 INFO foresight.train.train: epoch   5 train 0.3061 val 1.0126 lr 0.01 (7.7s)
19:44:49 INFO foresight.train.train: epoch   6 train 0.0648 val 0.5771 lr 0.01 (8.0s) *
19:45:01 INFO foresight.train.train: epoch   7 train 0.0133 val 0.6778 lr 0.01 (11.9s)
19:45:12 INFO foresight.train.train: epoch   8 train -0.0991 val 0.5081 lr 0.01 (10.8s) *
19:45:21 INFO foresight.train.train: epoch   9 train -0.1201 val 0.9343 lr 0.01 (8.6s)
19:45:29 INFO foresight.train.train: epoch  10 train -0.1558 val -0.0477 lr 0.01 (7.9s) *
19:45:37 INFO foresight.train.train: epoch  11 train -0.3082 val 1.0398 lr 0.01 (8.2s)
19:45:45 INFO foresight.train.train: epoch  12 train -0.2877 val 0.0759 lr 0.01 (8.2s)
19:45:58 INFO foresight.train.train: epoch  13 train -0.4027 val 1.9110 lr 0.01 (12.2s)
19:46:14 INFO foresight.train.train: epoch  14 train -0.3618 val 2.6425 lr 0.01 (16.4s)
19:46:31 INFO foresight.train.train: epoch  15 train -0.3889 val -0.0572 lr 0.01 (17.0s) *
19:46:47 INFO foresight.train.train: epoch  16 train -0.4651 val 0.9662 lr 0.01 (15.6s)
19:47:02 INFO foresight.train.train: epoch  17 train -0.4872 val -0.4338 lr 0.01 (15.0s) *
19:47:17 INFO foresight.train.train: epoch  18 train -0.5387 val -0.2345 lr 0.01 (15.5s)
19:47:25 INFO foresight.train.train: epoch  19 train -0.5360 val -0.3140 lr 0.01 (7.8s)
19:47:33 INFO foresight.train.train: epoch  20 train -0.5922 val -0.2010 lr 0.01 (7.8s)
19:47:40 INFO foresight.train.train: epoch  21 train -0.5888 val 0.0086 lr 0.01 (7.5s)
19:47:48 INFO foresight.train.train: epoch  22 train -0.6370 val -0.0071 lr 0.01 (7.5s)
19:47:55 INFO foresight.train.train: epoch  23 train -0.5882 val -0.1553 lr 0.01 (7.4s)
19:48:03 INFO foresight.train.train: epoch  24 train -0.6946 val 0.1082 lr 0.01 (7.8s)
19:48:11 INFO foresight.train.train: epoch  25 train -0.6893 val 0.9146 lr 0.01 (7.7s)
19:48:19 INFO foresight.train.train: epoch  26 train -0.6930 val 1.0201 lr 0.01 (7.9s)
19:48:27 INFO foresight.train.train: epoch  27 train -0.6951 val 0.0383 lr 0.01 (7.9s)
19:48:35 INFO foresight.train.train: epoch  28 train -0.7343 val -0.3865 lr 0.01 (8.7s)
19:48:47 INFO foresight.train.train: epoch  29 train -0.8036 val -0.3600 lr 0.01 (11.9s)
19:48:56 INFO foresight.train.train: epoch  30 train -0.7939 val -0.5020 lr 0.01 (9.1s) *
19:49:04 INFO foresight.train.train: epoch  31 train -0.8454 val 0.0656 lr 0.01 (7.4s)
19:49:11 INFO foresight.train.train: epoch  32 train -0.7822 val -0.4789 lr 0.01 (7.4s)
19:49:19 INFO foresight.train.train: epoch  33 train -0.8655 val -0.5334 lr 0.01 (7.5s) *
19:49:29 INFO foresight.train.train: epoch  34 train -0.8571 val 0.2017 lr 0.01 (10.1s)
19:49:37 INFO foresight.train.train: epoch  35 train -0.8204 val -0.4613 lr 0.01 (8.1s)
19:49:45 INFO foresight.train.train: epoch  36 train -0.8938 val -0.3930 lr 0.01 (7.7s)
19:49:52 INFO foresight.train.train: epoch  37 train -0.8623 val -0.5620 lr 0.01 (7.4s) *
19:50:01 INFO foresight.train.train: epoch  38 train -0.9180 val 0.3283 lr 0.01 (8.8s)
19:50:08 INFO foresight.train.train: epoch  39 train -0.9474 val -0.7253 lr 0.01 (7.3s) *
19:50:15 INFO foresight.train.train: epoch  40 train -0.9699 val -0.1395 lr 0.01 (7.2s)
19:50:23 INFO foresight.train.train: epoch  41 train -0.9577 val 2.2068 lr 0.01 (7.3s)
19:50:33 INFO foresight.train.train: epoch  42 train -0.9258 val -0.2312 lr 0.01 (10.2s)
19:50:44 INFO foresight.train.train: epoch  43 train -1.0012 val -0.7145 lr 0.01 (11.1s)
19:50:55 INFO foresight.train.train: epoch  44 train -1.0699 val -0.6548 lr 0.01 (10.8s)
19:51:07 INFO foresight.train.train: epoch  45 train -0.9895 val -0.6341 lr 0.01 (11.8s)
19:51:19 INFO foresight.train.train: epoch  46 train -0.9995 val -0.8402 lr 0.01 (12.5s) *
19:51:27 INFO foresight.train.train: epoch  47 train -1.0161 val -0.6584 lr 0.01 (7.7s)
19:51:34 INFO foresight.train.train: epoch  48 train -1.0235 val -0.8278 lr 0.01 (7.3s)
19:51:42 INFO foresight.train.train: epoch  49 train -1.0467 val -0.5783 lr 0.01 (7.4s)
19:51:49 INFO foresight.train.train: epoch  50 train -1.0530 val -0.9657 lr 0.01 (7.4s) *
19:51:57 INFO foresight.train.train: epoch  51 train -1.0494 val -1.0713 lr 0.01 (7.5s) *
19:52:04 INFO foresight.train.train: epoch  52 train -1.1219 val -1.0324 lr 0.01 (7.6s)
19:52:11 INFO foresight.train.train: epoch  53 train -1.0875 val -0.9503 lr 0.01 (7.3s)
19:52:19 INFO foresight.train.train: epoch  54 train -1.1284 val 0.0120 lr 0.01 (7.4s)
19:52:26 INFO foresight.train.train: epoch  55 train -1.1020 val -1.0549 lr 0.01 (7.4s)
19:52:34 INFO foresight.train.train: epoch  56 train -1.1300 val -1.1249 lr 0.01 (7.3s) *
19:52:41 INFO foresight.train.train: epoch  57 train -1.1142 val -0.3569 lr 0.01 (7.3s)
19:52:48 INFO foresight.train.train: epoch  58 train -1.1316 val -0.0587 lr 0.01 (7.4s)
19:52:56 INFO foresight.train.train: epoch  59 train -1.0877 val -0.8734 lr 0.01 (7.6s)
19:53:03 INFO foresight.train.train: epoch  60 train -1.1814 val -1.0291 lr 0.01 (7.5s)
19:53:11 INFO foresight.train.train: epoch  61 train -1.1716 val -0.8720 lr 0.01 (7.4s)
19:53:19 INFO foresight.train.train: epoch  62 train -1.2004 val -0.5645 lr 0.01 (8.2s)
19:53:27 INFO foresight.train.train: epoch  63 train -1.0828 val -0.8070 lr 0.01 (8.2s)
19:53:35 INFO foresight.train.train: epoch  64 train -1.2142 val -0.6516 lr 0.01 (8.0s)
19:53:43 INFO foresight.train.train: epoch  65 train -1.1825 val -1.1754 lr 0.01 (7.4s) *
19:53:50 INFO foresight.train.train: epoch  66 train -1.2348 val -0.8508 lr 0.01 (7.5s)
19:53:58 INFO foresight.train.train: epoch  67 train -1.2018 val -1.3108 lr 0.01 (7.6s) *
19:54:05 INFO foresight.train.train: epoch  68 train -1.2235 val -1.2015 lr 0.01 (7.4s)
19:54:12 INFO foresight.train.train: epoch  69 train -1.2115 val -1.3566 lr 0.01 (7.4s) *
19:54:20 INFO foresight.train.train: epoch  70 train -1.2934 val -1.0537 lr 0.01 (7.6s)
19:54:28 INFO foresight.train.train: epoch  71 train -1.2032 val -1.3478 lr 0.01 (7.5s)
19:54:35 INFO foresight.train.train: epoch  72 train -1.2502 val -1.1437 lr 0.01 (7.4s)
19:54:43 INFO foresight.train.train: epoch  73 train -1.2830 val -0.9638 lr 0.01 (8.4s)
19:54:52 INFO foresight.train.train: epoch  74 train -1.1567 val -0.8709 lr 0.01 (8.2s)
19:55:00 INFO foresight.train.train: epoch  75 train -1.2725 val -1.3290 lr 0.01 (8.1s)
19:55:11 INFO foresight.train.train: epoch  76 train -1.2844 val -1.2085 lr 0.01 (11.2s)
19:55:22 INFO foresight.train.train: epoch  77 train -1.2694 val -1.3880 lr 0.01 (11.3s) *
19:55:33 INFO foresight.train.train: epoch  78 train -1.3246 val -0.5048 lr 0.01 (10.7s)
19:55:40 INFO foresight.train.train: epoch  79 train -1.1897 val -0.9823 lr 0.01 (7.5s)
19:55:48 INFO foresight.train.train: epoch  80 train -1.2971 val -1.1709 lr 0.01 (7.5s)
19:55:55 INFO foresight.train.train: epoch  81 train -1.2497 val -1.4512 lr 0.01 (7.3s) *
19:56:03 INFO foresight.train.train: epoch  82 train -1.3283 val -0.9314 lr 0.01 (7.4s)
19:56:10 INFO foresight.train.train: epoch  83 train -1.3151 val -0.6028 lr 0.01 (7.6s)
19:56:18 INFO foresight.train.train: epoch  84 train -1.3147 val -1.3659 lr 0.01 (7.5s)
19:56:25 INFO foresight.train.train: epoch  85 train -1.3245 val -1.0377 lr 0.01 (7.5s)
19:56:33 INFO foresight.train.train: epoch  86 train -1.3186 val -1.0220 lr 0.01 (7.8s)
19:56:41 INFO foresight.train.train: epoch  87 train -1.3085 val -1.4426 lr 0.01 (7.4s)
19:56:48 INFO foresight.train.train: epoch  88 train -1.3529 val -1.4014 lr 0.01 (7.4s)
19:56:55 INFO foresight.train.train: epoch  89 train -1.3494 val -1.1959 lr 0.01 (7.4s)
19:57:03 INFO foresight.train.train: epoch  90 train -1.3597 val -1.1208 lr 0.01 (7.4s)
19:57:11 INFO foresight.train.train: epoch  91 train -1.3122 val -1.3809 lr 0.01 (7.7s)
19:57:18 INFO foresight.train.train: epoch  92 train -1.3718 val -1.1627 lr 0.01 (7.5s)
19:57:26 INFO foresight.train.train: epoch  93 train -1.3612 val -0.9733 lr 0.01 (7.6s)
19:57:33 INFO foresight.train.train: epoch  94 train -1.3538 val -1.2917 lr 0.01 (7.5s)
19:57:41 INFO foresight.train.train: epoch  95 train -1.3876 val -1.3386 lr 0.01 (7.4s)
19:57:51 INFO foresight.train.train: epoch  96 train -1.4069 val -1.4762 lr 0.01 (10.5s) *
19:58:04 INFO foresight.train.train: epoch  97 train -1.3496 val -1.3765 lr 0.01 (13.1s)
19:58:15 INFO foresight.train.train: epoch  98 train -1.3942 val -1.1964 lr 0.01 (10.3s)
19:58:24 INFO foresight.train.train: epoch  99 train -1.3774 val -0.8736 lr 0.01 (9.4s)
19:58:31 INFO foresight.train.train: epoch 100 train -1.3720 val -1.4050 lr 0.01 (7.6s)
19:58:39 INFO foresight.train.train: epoch 101 train -1.3787 val -1.5225 lr 0.01 (7.3s) *
19:58:46 INFO foresight.train.train: epoch 102 train -1.4406 val -0.4675 lr 0.01 (7.3s)
19:58:54 INFO foresight.train.train: epoch 103 train -1.3750 val -1.0772 lr 0.01 (7.6s)
19:59:01 INFO foresight.train.train: epoch 104 train -1.3981 val -1.2606 lr 0.01 (7.7s)
19:59:09 INFO foresight.train.train: epoch 105 train -1.3574 val -1.1635 lr 0.01 (7.5s)
19:59:16 INFO foresight.train.train: epoch 106 train -1.4288 val -0.2013 lr 0.01 (7.4s)
19:59:24 INFO foresight.train.train: epoch 107 train -1.4605 val -0.9513 lr 0.01 (7.7s)
19:59:32 INFO foresight.train.train: epoch 108 train -1.3588 val -1.5038 lr 0.01 (7.5s)
19:59:39 INFO foresight.train.train: epoch 109 train -1.4469 val -1.0165 lr 0.01 (7.4s)
19:59:46 INFO foresight.train.train: epoch 110 train -1.3831 val -1.4790 lr 0.01 (7.3s)
19:59:54 INFO foresight.train.train: epoch 111 train -1.4685 val -1.1167 lr 0.01 (7.4s)
20:00:01 INFO foresight.train.train: epoch 112 train -1.4030 val -0.8349 lr 0.01 (7.6s)
20:00:09 INFO foresight.train.train: epoch 113 train -1.4364 val -1.0992 lr 0.01 (7.5s)
20:00:19 INFO foresight.train.train: epoch 114 train -1.4630 val -1.2464 lr 0.01 (9.9s)
20:00:31 INFO foresight.train.train: epoch 115 train -1.4527 val -1.3755 lr 0.01 (12.4s)
20:00:42 INFO foresight.train.train: epoch 116 train -1.4966 val -1.1112 lr 0.01 (11.1s)
20:00:53 INFO foresight.train.train: epoch 117 train -1.4471 val -1.2099 lr 0.01 (11.1s)
20:01:05 INFO foresight.train.train: epoch 118 train -1.4888 val -1.2980 lr 0.01 (11.5s)
20:01:15 INFO foresight.train.train: epoch 119 train -1.4940 val -1.0061 lr 0.01 (10.1s)
20:01:26 INFO foresight.train.train: epoch 120 train -1.4576 val -1.4766 lr 0.01 (10.6s)
20:01:36 INFO foresight.train.train: epoch 121 train -1.4746 val -0.8435 lr 0.01 (10.2s)
20:01:43 INFO foresight.train.train: epoch 122 train -1.4293 val -1.2421 lr 0.01 (7.6s)
20:01:51 INFO foresight.train.train: epoch 123 train -1.5030 val -0.8310 lr 0.01 (8.0s)
20:01:59 INFO foresight.train.train: epoch 124 train -1.4538 val -1.4570 lr 0.01 (8.0s)
20:02:07 INFO foresight.train.train: epoch 125 train -1.5109 val -0.8472 lr 0.01 (7.7s)
20:02:15 INFO foresight.train.train: epoch 126 train -1.4447 val -1.4683 lr 0.01 (7.7s)
20:02:23 INFO foresight.train.train: epoch 127 train -1.5151 val -1.3912 lr 0.01 (7.7s)
20:02:30 INFO foresight.train.train: epoch 128 train -1.5168 val -1.3472 lr 0.01 (7.6s)
20:02:38 INFO foresight.train.train: epoch 129 train -1.4351 val -1.3147 lr 0.01 (7.6s)
20:02:45 INFO foresight.train.train: epoch 130 train -1.5099 val -1.4342 lr 0.01 (7.5s)
20:02:53 INFO foresight.train.train: epoch 131 train -1.5146 val -1.5363 lr 0.01 (7.8s) *
20:03:01 INFO foresight.train.train: epoch 132 train -1.5108 val -1.2585 lr 0.01 (7.6s)
20:03:08 INFO foresight.train.train: epoch 133 train -1.5284 val -0.7133 lr 0.01 (7.5s)
20:03:16 INFO foresight.train.train: epoch 134 train -1.4825 val -1.3955 lr 0.01 (7.6s)
20:03:23 INFO foresight.train.train: epoch 135 train -1.5541 val -1.2147 lr 0.01 (7.4s)
20:03:31 INFO foresight.train.train: epoch 136 train -1.5410 val -1.1535 lr 0.01 (7.3s)
20:03:38 INFO foresight.train.train: epoch 137 train -1.5446 val -1.2452 lr 0.01 (7.4s)
20:03:45 INFO foresight.train.train: epoch 138 train -1.5399 val -1.3772 lr 0.01 (7.4s)
20:03:53 INFO foresight.train.train: epoch 139 train -1.5041 val -1.3996 lr 0.01 (7.9s)
20:04:01 INFO foresight.train.train: epoch 140 train -1.5569 val -1.1693 lr 0.01 (7.4s)
20:04:08 INFO foresight.train.train: epoch 141 train -1.4817 val -1.2289 lr 0.01 (7.5s)
20:04:16 INFO foresight.train.train: epoch 142 train -1.5280 val -1.2178 lr 0.01 (7.4s)
20:04:23 INFO foresight.train.train: epoch 143 train -1.5310 val -1.3682 lr 0.01 (7.4s)
20:04:30 INFO foresight.train.train: epoch 144 train -1.5290 val -1.0805 lr 0.01 (7.3s)
20:04:38 INFO foresight.train.train: epoch 145 train -1.5379 val -0.3146 lr 0.01 (7.7s)
20:04:45 INFO foresight.train.train: epoch 146 train -1.5549 val -1.3623 lr 0.01 (7.5s)
20:04:53 INFO foresight.train.train: epoch 147 train -1.5534 val -0.8009 lr 0.01 (7.6s)
20:05:01 INFO foresight.train.train: epoch 148 train -1.5288 val -1.2774 lr 0.01 (7.6s)
20:05:08 INFO foresight.train.train: epoch 149 train -1.5423 val -1.2793 lr 0.002 (7.4s)
20:05:17 INFO foresight.train.train: epoch 150 train -1.7098 val -1.5232 lr 0.002 (8.6s)
20:05:25 INFO foresight.train.train: epoch 151 train -1.7479 val -1.5386 lr 0.002 (8.7s) *
20:05:33 INFO foresight.train.train: epoch 152 train -1.7561 val -1.2430 lr 0.002 (7.7s)
20:05:42 INFO foresight.train.train: epoch 153 train -1.7680 val -1.4761 lr 0.002 (8.7s)
20:05:54 INFO foresight.train.train: epoch 154 train -1.7660 val -1.5393 lr 0.002 (12.2s) *
20:06:04 INFO foresight.train.train: epoch 155 train -1.7630 val -1.4390 lr 0.002 (9.7s)
20:06:14 INFO foresight.train.train: epoch 156 train -1.7829 val -1.6012 lr 0.002 (10.2s) *
20:06:25 INFO foresight.train.train: epoch 157 train -1.7909 val -1.4182 lr 0.002 (10.9s)
20:06:35 INFO foresight.train.train: epoch 158 train -1.7832 val -1.3124 lr 0.002 (10.0s)
20:06:47 INFO foresight.train.train: epoch 159 train -1.7753 val -1.4527 lr 0.002 (11.6s)
20:06:58 INFO foresight.train.train: epoch 160 train -1.7793 val -1.4892 lr 0.002 (11.7s)
20:07:09 INFO foresight.train.train: epoch 161 train -1.7804 val -1.2794 lr 0.002 (10.5s)
20:07:19 INFO foresight.train.train: epoch 162 train -1.7985 val -1.3377 lr 0.002 (10.2s)
20:07:30 INFO foresight.train.train: epoch 163 train -1.7910 val -1.2449 lr 0.002 (11.0s)
20:07:41 INFO foresight.train.train: epoch 164 train -1.8117 val -1.1778 lr 0.002 (11.3s)
20:07:51 INFO foresight.train.train: epoch 165 train -1.8095 val -1.4907 lr 0.002 (9.3s)
20:08:01 INFO foresight.train.train: epoch 166 train -1.7877 val -1.4853 lr 0.002 (10.7s)
20:08:13 INFO foresight.train.train: epoch 167 train -1.7866 val -1.4798 lr 0.002 (11.6s)
20:08:24 INFO foresight.train.train: epoch 168 train -1.8183 val -0.9480 lr 0.002 (11.2s)
20:08:35 INFO foresight.train.train: epoch 169 train -1.8184 val -1.3747 lr 0.002 (10.8s)
20:08:47 INFO foresight.train.train: epoch 170 train -1.8123 val -1.2498 lr 0.002 (11.5s)
20:08:58 INFO foresight.train.train: epoch 171 train -1.8241 val -1.4948 lr 0.002 (11.3s)
20:09:09 INFO foresight.train.train: epoch 172 train -1.8032 val -1.4867 lr 0.002 (11.2s)
20:09:21 INFO foresight.train.train: epoch 173 train -1.8163 val -1.3797 lr 0.002 (11.5s)
20:09:31 INFO foresight.train.train: epoch 174 train -1.8082 val -1.3146 lr 0.002 (10.7s)
20:09:42 INFO foresight.train.train: epoch 175 train -1.8159 val -1.3570 lr 0.002 (10.4s)
20:09:53 INFO foresight.train.train: epoch 176 train -1.8065 val -1.5121 lr 0.002 (11.1s)
20:10:01 INFO foresight.train.train: epoch 177 train -1.8187 val -1.5365 lr 0.002 (8.2s)
20:10:10 INFO foresight.train.train: epoch 178 train -1.8258 val -1.4032 lr 0.002 (9.0s)
20:10:18 INFO foresight.train.train: epoch 179 train -1.8051 val -1.5877 lr 0.002 (7.8s)
20:10:26 INFO foresight.train.train: epoch 180 train -1.8281 val -1.3306 lr 0.002 (7.6s)
20:10:33 INFO foresight.train.train: epoch 181 train -1.8204 val -1.4187 lr 0.002 (7.5s)
20:10:41 INFO foresight.train.train: epoch 182 train -1.8036 val -1.3502 lr 0.002 (7.6s)
20:10:48 INFO foresight.train.train: epoch 183 train -1.8315 val -1.4366 lr 0.002 (7.4s)
20:10:56 INFO foresight.train.train: epoch 184 train -1.8066 val -1.5278 lr 0.002 (7.5s)
20:11:03 INFO foresight.train.train: epoch 185 train -1.8315 val -1.2177 lr 0.002 (7.5s)
20:11:11 INFO foresight.train.train: epoch 186 train -1.8278 val -1.4784 lr 0.002 (8.1s)
20:11:23 INFO foresight.train.train: epoch 187 train -1.8297 val -1.2583 lr 0.002 (11.3s)
20:11:34 INFO foresight.train.train: epoch 188 train -1.8393 val -1.4124 lr 0.002 (11.3s)
20:11:41 INFO foresight.train.train: epoch 189 train -1.8188 val -1.4873 lr 0.002 (7.4s)
20:11:49 INFO foresight.train.train: epoch 190 train -1.8429 val -1.3187 lr 0.002 (7.7s)
20:11:57 INFO foresight.train.train: epoch 191 train -1.8379 val -1.4176 lr 0.002 (7.9s)
20:12:05 INFO foresight.train.train: epoch 192 train -1.8268 val -1.5524 lr 0.002 (7.8s)
20:12:13 INFO foresight.train.train: epoch 193 train -1.8320 val -1.4633 lr 0.002 (7.7s)
20:12:20 INFO foresight.train.train: epoch 194 train -1.8104 val -1.4670 lr 0.002 (7.6s)
20:12:29 INFO foresight.train.train: epoch 195 train -1.8354 val -1.0711 lr 0.002 (9.1s)
20:12:37 INFO foresight.train.train: epoch 196 train -1.8552 val -1.1503 lr 0.002 (8.2s)
20:12:45 INFO foresight.train.train: epoch 197 train -1.8293 val -1.4372 lr 0.002 (7.8s)
20:12:54 INFO foresight.train.train: epoch 198 train -1.8364 val -1.5043 lr 0.002 (8.3s)
20:13:02 INFO foresight.train.train: epoch 199 train -1.8493 val -1.3167 lr 0.002 (7.9s)
20:13:10 INFO foresight.train.train: epoch 200 train -1.8321 val -1.2599 lr 0.002 (8.1s)
20:13:18 INFO foresight.train.train: epoch 201 train -1.8441 val -1.2564 lr 0.002 (7.9s)
20:13:25 INFO foresight.train.train: epoch 202 train -1.8289 val -1.4691 lr 0.002 (7.7s)
20:13:33 INFO foresight.train.train: epoch 203 train -1.8367 val -1.5092 lr 0.002 (8.2s)
20:13:41 INFO foresight.train.train: epoch 204 train -1.8129 val -1.4616 lr 0.002 (7.4s)
20:13:49 INFO foresight.train.train: epoch 205 train -1.8571 val -1.3534 lr 0.002 (7.7s)
20:14:02 INFO foresight.train.train: epoch 206 train -1.8577 val -1.3727 lr 0.002 (13.6s)
20:14:20 INFO foresight.train.train: epoch 207 train -1.8491 val -1.3020 lr 0.002 (18.1s)
20:14:31 INFO foresight.train.train: epoch 208 train -1.8512 val -1.1766 lr 0.002 (10.3s)
20:14:39 INFO foresight.train.train: epoch 209 train -1.8369 val -1.4495 lr 0.002 (8.1s)
20:14:47 INFO foresight.train.train: epoch 210 train -1.8446 val -1.3246 lr 0.002 (7.9s)
20:14:55 INFO foresight.train.train: epoch 211 train -1.8426 val -1.3108 lr 0.002 (8.3s)
20:15:04 INFO foresight.train.train: epoch 212 train -1.8471 val -1.1547 lr 0.002 (8.5s)
20:15:11 INFO foresight.train.train: epoch 213 train -1.8454 val -1.4378 lr 0.002 (7.7s)
20:15:19 INFO foresight.train.train: epoch 214 train -1.8531 val -1.2121 lr 0.002 (7.8s)
20:15:27 INFO foresight.train.train: epoch 215 train -1.8513 val -1.1999 lr 0.002 (7.4s)
20:15:34 INFO foresight.train.train: epoch 216 train -1.8383 val -1.4107 lr 0.002 (7.4s)
20:15:41 INFO foresight.train.train: epoch 217 train -1.8503 val -1.4445 lr 0.002 (7.4s)
20:15:49 INFO foresight.train.train: epoch 218 train -1.8504 val -1.3174 lr 0.002 (7.3s)
20:15:56 INFO foresight.train.train: epoch 219 train -1.8584 val -1.5276 lr 0.002 (7.7s)
20:16:05 INFO foresight.train.train: epoch 220 train -1.8626 val -1.3645 lr 0.002 (8.1s)
20:16:12 INFO foresight.train.train: epoch 221 train -1.8450 val -1.4485 lr 0.002 (7.9s)
20:16:20 INFO foresight.train.train: epoch 222 train -1.8479 val -1.4081 lr 0.002 (8.0s)
20:16:28 INFO foresight.train.train: epoch 223 train -1.8628 val -1.5720 lr 0.002 (7.8s)
20:16:36 INFO foresight.train.train: epoch 224 train -1.8342 val -1.4119 lr 0.002 (7.6s)
20:16:44 INFO foresight.train.train: epoch 225 train -1.8614 val -1.0340 lr 0.002 (7.7s)
20:16:53 INFO foresight.train.train: epoch 226 train -1.8641 val -1.2172 lr 0.002 (9.4s)
20:17:09 INFO foresight.train.train: epoch 227 train -1.8710 val -1.1499 lr 0.002 (16.0s)
20:17:19 INFO foresight.train.train: epoch 228 train -1.8584 val -1.3559 lr 0.002 (10.1s)
20:17:26 INFO foresight.train.train: epoch 229 train -1.8649 val -1.4647 lr 0.002 (7.3s)
20:17:34 INFO foresight.train.train: epoch 230 train -1.8724 val -1.3400 lr 0.002 (7.5s)
20:17:41 INFO foresight.train.train: epoch 231 train -1.8636 val -1.1320 lr 0.002 (7.5s)
20:17:49 INFO foresight.train.train: epoch 232 train -1.8503 val -1.2925 lr 0.002 (7.5s)
20:17:59 INFO foresight.train.train: epoch 233 train -1.8378 val -1.4841 lr 0.002 (10.0s)
20:18:14 INFO foresight.train.train: epoch 234 train -1.8670 val -1.2978 lr 0.002 (15.5s)
20:18:31 INFO foresight.train.train: epoch 235 train -1.8613 val -1.4261 lr 0.002 (16.2s)
20:18:42 INFO foresight.train.train: epoch 236 train -1.8280 val -1.1956 lr 0.002 (10.9s)
20:18:49 INFO foresight.train.train: epoch 237 train -1.8562 val -1.3650 lr 0.002 (7.3s)
20:18:56 INFO foresight.train.train: epoch 238 train -1.8759 val -1.2583 lr 0.002 (7.5s)
20:19:04 INFO foresight.train.train: epoch 239 train -1.8515 val -1.3329 lr 0.002 (7.4s)
20:19:13 INFO foresight.train.train: epoch 240 train -1.8444 val -1.4599 lr 0.002 (9.6s)
20:19:29 INFO foresight.train.train: epoch 241 train -1.8703 val -1.2696 lr 0.002 (15.5s)
20:19:48 INFO foresight.train.train: epoch 242 train -1.8721 val -1.4204 lr 0.002 (19.0s)
20:20:03 INFO foresight.train.train: epoch 243 train -1.8549 val -1.2140 lr 0.002 (14.5s)
20:20:17 INFO foresight.train.train: epoch 244 train -1.8618 val -1.2796 lr 0.002 (14.7s)
20:20:26 INFO foresight.train.train: epoch 245 train -1.8586 val -1.3738 lr 0.002 (9.1s)
20:20:35 INFO foresight.train.train: epoch 246 train -1.8815 val -1.4016 lr 0.002 (8.2s)
20:20:42 INFO foresight.train.train: epoch 247 train -1.8797 val -1.1506 lr 0.002 (7.7s)
20:20:51 INFO foresight.train.train: epoch 248 train -1.8400 val -1.4045 lr 0.002 (8.3s)
20:20:59 INFO foresight.train.train: epoch 249 train -1.8378 val -1.5095 lr 0.002 (8.1s)
2026/09/17 20:21:08 WARNING mlflow.pytorch: Saving pytorch model by Pickle or CloudPickle format requires exercising caution because these formats rely on Python's object serialization mechanism, which can execute arbitrary code during deserialization. The recommended safe alternative is to set `serialization_format` to 'pt2' to save the PyTorch model using the safe graph model format.
2026/09/17 20:21:09 WARNING mlflow.utils.environment: Failed to resolve installed pip version. ``pip`` will be added to conda.yaml environment spec without a version specifier.
Successfully registered model 'social-stgcnn-univ'.
Created version '1' of model 'social-stgcnn-univ'.
20:21:09 INFO foresight.train.train: done: univ  ADE/FDE(bo20) 0.466/0.857  det 0.675/1.344  cvm 0.524/1.165
