20:33:43 INFO foresight.train.train: data: train 2112 / val 501 / test 921 scenes (0.9s)
20:33:43 INFO foresight.train.train: model params: 7563
20:33:56 INFO foresight.train.train: epoch   0 train 1.5289 val 1.4622 lr 0.01 (11.9s) *
20:34:09 INFO foresight.train.train: epoch   1 train 0.7891 val 1.2946 lr 0.01 (12.4s) *
20:34:21 INFO foresight.train.train: epoch   2 train 0.5228 val 1.3629 lr 0.01 (12.6s)
20:34:39 INFO foresight.train.train: epoch   3 train 0.4440 val 0.5848 lr 0.01 (17.8s) *
20:34:54 INFO foresight.train.train: epoch   4 train 0.2131 val 1.6366 lr 0.01 (15.1s)
20:35:10 INFO foresight.train.train: epoch   5 train 0.2276 val 0.4956 lr 0.01 (16.0s) *
20:35:22 INFO foresight.train.train: epoch   6 train 0.1104 val 0.3757 lr 0.01 (12.0s) *
20:35:36 INFO foresight.train.train: epoch   7 train -0.0809 val 0.6014 lr 0.01 (14.0s)
20:35:51 INFO foresight.train.train: epoch   8 train -0.0493 val 0.3161 lr 0.01 (14.9s) *
20:36:03 INFO foresight.train.train: epoch   9 train -0.1625 val 0.4083 lr 0.01 (11.3s)
20:36:14 INFO foresight.train.train: epoch  10 train -0.1596 val 0.3304 lr 0.01 (11.0s)
20:36:22 INFO foresight.train.train: epoch  11 train -0.2645 val 2.3878 lr 0.01 (8.6s)
20:36:31 INFO foresight.train.train: epoch  12 train -0.2638 val 0.2393 lr 0.01 (8.7s) *
20:36:43 INFO foresight.train.train: epoch  13 train -0.2868 val 0.3217 lr 0.01 (12.3s)
20:36:54 INFO foresight.train.train: epoch  14 train -0.3484 val 1.3725 lr 0.01 (10.9s)
20:37:05 INFO foresight.train.train: epoch  15 train -0.4321 val 0.5888 lr 0.01 (10.9s)
20:37:14 INFO foresight.train.train: epoch  16 train -0.3890 val 0.0651 lr 0.01 (8.5s) *
20:37:22 INFO foresight.train.train: epoch  17 train -0.4705 val 0.5414 lr 0.01 (8.6s)
20:37:31 INFO foresight.train.train: epoch  18 train -0.5070 val 1.1172 lr 0.01 (8.9s)
20:37:40 INFO foresight.train.train: epoch  19 train -0.5120 val 0.8600 lr 0.01 (8.8s)
20:37:49 INFO foresight.train.train: epoch  20 train -0.5797 val 0.0569 lr 0.01 (8.6s) *
20:37:57 INFO foresight.train.train: epoch  21 train -0.5997 val -0.0544 lr 0.01 (8.5s) *
20:38:05 INFO foresight.train.train: epoch  22 train -0.6166 val 0.0998 lr 0.01 (8.5s)
20:38:14 INFO foresight.train.train: epoch  23 train -0.6279 val 0.7349 lr 0.01 (8.4s)
20:38:22 INFO foresight.train.train: epoch  24 train -0.6662 val 1.4044 lr 0.01 (8.4s)
20:38:31 INFO foresight.train.train: epoch  25 train -0.6335 val 0.0751 lr 0.01 (8.6s)
20:38:39 INFO foresight.train.train: epoch  26 train -0.6808 val -0.6070 lr 0.01 (8.5s) *
20:38:48 INFO foresight.train.train: epoch  27 train -0.7036 val -0.4797 lr 0.01 (8.8s)
20:38:57 INFO foresight.train.train: epoch  28 train -0.7690 val -0.2411 lr 0.01 (8.5s)
20:39:06 INFO foresight.train.train: epoch  29 train -0.7330 val 0.1969 lr 0.01 (9.0s)
20:39:14 INFO foresight.train.train: epoch  30 train -0.7709 val 0.0212 lr 0.01 (8.6s)
20:39:24 INFO foresight.train.train: epoch  31 train -0.7939 val -0.4024 lr 0.01 (9.3s)
20:39:33 INFO foresight.train.train: epoch  32 train -0.8180 val 0.0731 lr 0.01 (9.8s)
20:39:43 INFO foresight.train.train: epoch  33 train -0.7771 val -0.6256 lr 0.01 (10.0s) *
20:39:53 INFO foresight.train.train: epoch  34 train -0.8038 val -0.5574 lr 0.01 (9.2s)
20:40:02 INFO foresight.train.train: epoch  35 train -0.8668 val -0.2660 lr 0.01 (9.8s)
20:40:12 INFO foresight.train.train: epoch  36 train -0.8767 val -0.5576 lr 0.01 (9.9s)
20:40:22 INFO foresight.train.train: epoch  37 train -0.8819 val 0.0126 lr 0.01 (9.4s)
20:40:31 INFO foresight.train.train: epoch  38 train -0.8921 val 0.0227 lr 0.01 (8.8s)
20:40:39 INFO foresight.train.train: epoch  39 train -0.8828 val -0.4192 lr 0.01 (8.6s)
20:40:48 INFO foresight.train.train: epoch  40 train -0.8740 val -0.5168 lr 0.01 (8.7s)
20:40:56 INFO foresight.train.train: epoch  41 train -0.9375 val -0.1811 lr 0.01 (8.5s)
20:41:05 INFO foresight.train.train: epoch  42 train -0.9263 val -0.6420 lr 0.01 (8.6s) *
20:41:13 INFO foresight.train.train: epoch  43 train -0.9673 val -0.5474 lr 0.01 (8.6s)
20:41:22 INFO foresight.train.train: epoch  44 train -0.9535 val -0.5136 lr 0.01 (8.8s)
20:41:31 INFO foresight.train.train: epoch  45 train -0.9513 val -0.7844 lr 0.01 (8.6s) *
20:41:40 INFO foresight.train.train: epoch  46 train -0.9697 val -0.6386 lr 0.01 (8.9s)
20:41:48 INFO foresight.train.train: epoch  47 train -1.0039 val -0.2059 lr 0.01 (8.4s)
20:41:57 INFO foresight.train.train: epoch  48 train -1.0053 val -0.7617 lr 0.01 (9.0s)
20:42:06 INFO foresight.train.train: epoch  49 train -1.0044 val -0.7309 lr 0.01 (8.4s)
20:42:14 INFO foresight.train.train: epoch  50 train -1.0231 val -0.2543 lr 0.01 (8.5s)
20:42:22 INFO foresight.train.train: epoch  51 train -0.9902 val -0.8388 lr 0.01 (8.3s) *
20:42:31 INFO foresight.train.train: epoch  52 train -1.0724 val -0.6803 lr 0.01 (8.3s)
20:42:39 INFO foresight.train.train: epoch  53 train -1.0496 val -0.5481 lr 0.01 (8.4s)
20:42:47 INFO foresight.train.train: epoch  54 train -1.0667 val -0.1208 lr 0.01 (8.4s)
20:42:56 INFO foresight.train.train: epoch  55 train -1.0518 val -1.0878 lr 0.01 (8.4s) *
20:43:04 INFO foresight.train.train: epoch  56 train -1.0928 val -0.5500 lr 0.01 (8.4s)
20:43:13 INFO foresight.train.train: epoch  57 train -1.1022 val -0.6103 lr 0.01 (8.6s)
20:43:22 INFO foresight.train.train: epoch  58 train -1.0568 val -0.5163 lr 0.01 (9.2s)
20:43:31 INFO foresight.train.train: epoch  59 train -1.0847 val -0.8147 lr 0.01 (8.6s)
20:43:39 INFO foresight.train.train: epoch  60 train -1.1135 val -0.7994 lr 0.01 (8.6s)
20:43:48 INFO foresight.train.train: epoch  61 train -1.1082 val -0.6488 lr 0.01 (8.6s)
20:43:57 INFO foresight.train.train: epoch  62 train -1.1016 val -0.9753 lr 0.01 (8.9s)
20:44:06 INFO foresight.train.train: epoch  63 train -1.1329 val -0.6725 lr 0.01 (8.8s)
20:44:15 INFO foresight.train.train: epoch  64 train -1.1246 val -1.1195 lr 0.01 (9.1s) *
20:44:24 INFO foresight.train.train: epoch  65 train -1.1658 val -0.5976 lr 0.01 (8.7s)
20:44:32 INFO foresight.train.train: epoch  66 train -1.1249 val -0.8460 lr 0.01 (8.8s)
20:44:41 INFO foresight.train.train: epoch  67 train -1.1554 val -0.5010 lr 0.01 (8.8s)
20:44:51 INFO foresight.train.train: epoch  68 train -1.1583 val -1.1019 lr 0.01 (10.2s)
20:45:01 INFO foresight.train.train: epoch  69 train -1.1893 val -1.2232 lr 0.01 (9.3s) *
20:45:09 INFO foresight.train.train: epoch  70 train -1.1869 val -1.0530 lr 0.01 (8.7s)
20:45:18 INFO foresight.train.train: epoch  71 train -1.1780 val -0.8704 lr 0.01 (9.0s)
20:45:27 INFO foresight.train.train: epoch  72 train -1.1655 val -1.0213 lr 0.01 (8.8s)
20:45:36 INFO foresight.train.train: epoch  73 train -1.1925 val -0.7892 lr 0.01 (9.0s)
20:45:45 INFO foresight.train.train: epoch  74 train -1.1898 val -1.1381 lr 0.01 (8.7s)
20:45:54 INFO foresight.train.train: epoch  75 train -1.2205 val -0.9550 lr 0.01 (8.9s)
20:46:03 INFO foresight.train.train: epoch  76 train -1.1887 val -0.2137 lr 0.01 (8.9s)
20:46:23 INFO foresight.train.train: epoch  77 train -1.2065 val -0.9055 lr 0.01 (20.3s)
20:46:32 INFO foresight.train.train: epoch  78 train -1.2201 val -1.0089 lr 0.01 (9.1s)
20:46:42 INFO foresight.train.train: epoch  79 train -1.2233 val -1.1874 lr 0.01 (9.5s)
20:46:51 INFO foresight.train.train: epoch  80 train -1.2302 val -0.6016 lr 0.01 (8.8s)
20:47:00 INFO foresight.train.train: epoch  81 train -1.2317 val -0.8539 lr 0.01 (9.3s)
20:47:09 INFO foresight.train.train: epoch  82 train -1.2229 val -1.0987 lr 0.01 (9.0s)
20:47:18 INFO foresight.train.train: epoch  83 train -1.2250 val -0.6129 lr 0.01 (9.3s)
20:47:27 INFO foresight.train.train: epoch  84 train -1.2988 val -1.1372 lr 0.01 (9.0s)
20:47:36 INFO foresight.train.train: epoch  85 train -1.2618 val -0.8942 lr 0.01 (8.8s)
20:47:45 INFO foresight.train.train: epoch  86 train -1.2365 val -0.8678 lr 0.01 (9.0s)
20:47:54 INFO foresight.train.train: epoch  87 train -1.2739 val -1.0932 lr 0.01 (8.7s)
20:48:03 INFO foresight.train.train: epoch  88 train -1.2661 val -1.0410 lr 0.01 (8.8s)
20:48:12 INFO foresight.train.train: epoch  89 train -1.2815 val -0.9132 lr 0.01 (9.5s)
20:48:21 INFO foresight.train.train: epoch  90 train -1.2753 val -1.0127 lr 0.01 (8.9s)
20:48:30 INFO foresight.train.train: epoch  91 train -1.2598 val -1.1274 lr 0.01 (8.9s)
20:48:38 INFO foresight.train.train: epoch  92 train -1.2730 val -0.8181 lr 0.01 (8.5s)
20:48:47 INFO foresight.train.train: epoch  93 train -1.2902 val -0.7429 lr 0.01 (8.5s)
20:48:56 INFO foresight.train.train: epoch  94 train -1.3009 val -0.0302 lr 0.01 (8.8s)
20:49:04 INFO foresight.train.train: epoch  95 train -1.3015 val -1.0482 lr 0.01 (8.8s)
20:49:13 INFO foresight.train.train: epoch  96 train -1.2756 val -1.1470 lr 0.01 (8.7s)
20:49:22 INFO foresight.train.train: epoch  97 train -1.3211 val -0.6047 lr 0.01 (8.7s)
20:49:31 INFO foresight.train.train: epoch  98 train -1.3243 val -1.0473 lr 0.01 (9.4s)
20:49:40 INFO foresight.train.train: epoch  99 train -1.3070 val -1.1350 lr 0.01 (8.9s)
20:49:49 INFO foresight.train.train: epoch 100 train -1.3121 val -1.0841 lr 0.01 (9.2s)
20:49:58 INFO foresight.train.train: epoch 101 train -1.3106 val -0.7653 lr 0.01 (8.6s)
20:50:07 INFO foresight.train.train: epoch 102 train -1.3234 val -1.0283 lr 0.01 (9.0s)
20:50:16 INFO foresight.train.train: epoch 103 train -1.3354 val -0.9558 lr 0.01 (8.9s)
20:50:25 INFO foresight.train.train: epoch 104 train -1.3173 val -1.1279 lr 0.01 (8.7s)
20:50:33 INFO foresight.train.train: epoch 105 train -1.3717 val -0.9851 lr 0.01 (8.6s)
20:50:42 INFO foresight.train.train: epoch 106 train -1.3366 val -0.7140 lr 0.01 (8.7s)
20:50:51 INFO foresight.train.train: epoch 107 train -1.3535 val -0.9559 lr 0.01 (9.4s)
20:51:00 INFO foresight.train.train: epoch 108 train -1.3459 val -1.0931 lr 0.01 (8.5s)
20:51:09 INFO foresight.train.train: epoch 109 train -1.3619 val -0.6880 lr 0.01 (8.9s)
20:51:18 INFO foresight.train.train: epoch 110 train -1.3398 val -1.0544 lr 0.01 (9.5s)
20:51:27 INFO foresight.train.train: epoch 111 train -1.3479 val -1.2211 lr 0.01 (8.9s)
20:51:37 INFO foresight.train.train: epoch 112 train -1.3640 val -0.9296 lr 0.01 (9.6s)
20:51:45 INFO foresight.train.train: epoch 113 train -1.3386 val -0.7539 lr 0.01 (8.5s)
20:51:54 INFO foresight.train.train: epoch 114 train -1.3551 val -0.8311 lr 0.01 (9.0s)
20:52:03 INFO foresight.train.train: epoch 115 train -1.3851 val -0.8696 lr 0.01 (8.9s)
20:52:12 INFO foresight.train.train: epoch 116 train -1.3820 val -0.9445 lr 0.01 (8.8s)
20:52:21 INFO foresight.train.train: epoch 117 train -1.3838 val -1.0376 lr 0.01 (8.8s)
20:52:29 INFO foresight.train.train: epoch 118 train -1.4015 val -0.2539 lr 0.01 (8.7s)
20:52:38 INFO foresight.train.train: epoch 119 train -1.3751 val -0.5627 lr 0.01 (8.7s)
20:52:48 INFO foresight.train.train: epoch 120 train -1.4037 val -0.1146 lr 0.01 (10.0s)
20:52:57 INFO foresight.train.train: epoch 121 train -1.3605 val -1.2977 lr 0.01 (9.1s) *
20:53:06 INFO foresight.train.train: epoch 122 train -1.4123 val -1.3680 lr 0.01 (9.2s) *
20:53:15 INFO foresight.train.train: epoch 123 train -1.3861 val 0.2726 lr 0.01 (8.8s)
20:53:24 INFO foresight.train.train: epoch 124 train -1.4017 val -0.7410 lr 0.01 (9.2s)
20:53:33 INFO foresight.train.train: epoch 125 train -1.3850 val -0.4990 lr 0.01 (8.6s)
20:53:42 INFO foresight.train.train: epoch 126 train -1.3857 val -1.2278 lr 0.01 (8.6s)
20:53:50 INFO foresight.train.train: epoch 127 train -1.4052 val -1.2223 lr 0.01 (8.8s)
