19:43:50 INFO foresight.train.train: data: train 2594 / val 621 / test 301 scenes (0.9s)
19:43:50 INFO foresight.train.train: model params: 7563
19:44:01 INFO foresight.train.train: epoch   0 train 1.3837 val 1.0432 lr 0.01 (9.8s) *
19:44:14 INFO foresight.train.train: epoch   1 train 0.6635 val 1.0353 lr 0.01 (13.6s) *
19:44:25 INFO foresight.train.train: epoch   2 train 0.4183 val 1.0537 lr 0.01 (10.6s)
19:44:34 INFO foresight.train.train: epoch   3 train 0.2714 val 0.6825 lr 0.01 (9.6s) *
19:44:44 INFO foresight.train.train: epoch   4 train 0.1693 val 0.2703 lr 0.01 (9.8s) *
19:44:57 INFO foresight.train.train: epoch   5 train 0.0340 val 0.3549 lr 0.01 (13.1s)
19:45:12 INFO foresight.train.train: epoch   6 train -0.0413 val -0.0295 lr 0.01 (14.3s) *
19:45:23 INFO foresight.train.train: epoch   7 train -0.2148 val 0.7027 lr 0.01 (10.9s)
19:45:34 INFO foresight.train.train: epoch   8 train -0.2661 val -0.0827 lr 0.01 (10.5s) *
19:45:44 INFO foresight.train.train: epoch   9 train -0.3148 val -0.1816 lr 0.01 (10.0s) *
19:45:57 INFO foresight.train.train: epoch  10 train -0.4214 val -0.1318 lr 0.01 (13.5s)
19:46:18 INFO foresight.train.train: epoch  11 train -0.4117 val -0.1151 lr 0.01 (20.6s)
19:46:40 INFO foresight.train.train: epoch  12 train -0.5666 val -0.1704 lr 0.01 (21.9s)
19:46:59 INFO foresight.train.train: epoch  13 train -0.4919 val 0.1213 lr 0.01 (19.1s)
19:47:17 INFO foresight.train.train: epoch  14 train -0.5917 val -0.4797 lr 0.01 (18.4s) *
19:47:28 INFO foresight.train.train: epoch  15 train -0.6823 val -0.1739 lr 0.01 (10.4s)
19:47:38 INFO foresight.train.train: epoch  16 train -0.5876 val -0.3235 lr 0.01 (10.6s)
19:47:49 INFO foresight.train.train: epoch  17 train -0.7026 val -0.5503 lr 0.01 (10.4s) *
19:47:59 INFO foresight.train.train: epoch  18 train -0.7561 val -0.5730 lr 0.01 (10.2s) *
19:48:09 INFO foresight.train.train: epoch  19 train -0.7616 val 0.4223 lr 0.01 (10.2s)
19:48:19 INFO foresight.train.train: epoch  20 train -0.7716 val -0.2929 lr 0.01 (9.8s)
19:48:29 INFO foresight.train.train: epoch  21 train -0.7831 val -0.7690 lr 0.01 (9.5s) *
19:48:41 INFO foresight.train.train: epoch  22 train -0.8395 val 0.1626 lr 0.01 (12.0s)
19:48:56 INFO foresight.train.train: epoch  23 train -0.8308 val -0.5880 lr 0.01 (15.2s)
19:49:05 INFO foresight.train.train: epoch  24 train -0.9125 val -0.4551 lr 0.01 (9.3s)
19:49:15 INFO foresight.train.train: epoch  25 train -0.9046 val -0.6877 lr 0.01 (9.4s)
19:49:25 INFO foresight.train.train: epoch  26 train -0.9184 val -0.9148 lr 0.01 (10.8s) *
19:49:37 INFO foresight.train.train: epoch  27 train -0.9495 val -0.6339 lr 0.01 (11.4s)
19:49:46 INFO foresight.train.train: epoch  28 train -0.9985 val -0.4861 lr 0.01 (9.6s)
19:49:58 INFO foresight.train.train: epoch  29 train -0.9688 val -0.7434 lr 0.01 (11.3s)
19:50:07 INFO foresight.train.train: epoch  30 train -0.9882 val -0.6050 lr 0.01 (9.3s)
19:50:16 INFO foresight.train.train: epoch  31 train -1.0035 val -1.0103 lr 0.01 (9.3s) *
19:50:26 INFO foresight.train.train: epoch  32 train -1.0470 val -0.2428 lr 0.01 (9.6s)
19:50:39 INFO foresight.train.train: epoch  33 train -0.9897 val -0.3980 lr 0.01 (13.5s)
19:50:53 INFO foresight.train.train: epoch  34 train -1.0670 val -0.6072 lr 0.01 (13.7s)
19:51:08 INFO foresight.train.train: epoch  35 train -1.0218 val -1.0041 lr 0.01 (14.6s)
19:51:23 INFO foresight.train.train: epoch  36 train -1.0813 val -0.8864 lr 0.01 (14.9s)
19:51:32 INFO foresight.train.train: epoch  37 train -1.0703 val -0.9083 lr 0.01 (9.3s)
19:51:42 INFO foresight.train.train: epoch  38 train -1.1138 val -1.0645 lr 0.01 (9.5s) *
19:51:51 INFO foresight.train.train: epoch  39 train -1.1252 val -0.8648 lr 0.01 (9.4s)
19:52:01 INFO foresight.train.train: epoch  40 train -1.1379 val -0.8334 lr 0.01 (9.7s)
19:52:10 INFO foresight.train.train: epoch  41 train -1.1202 val -1.0391 lr 0.01 (9.5s)
19:52:20 INFO foresight.train.train: epoch  42 train -1.1640 val -1.1067 lr 0.01 (9.5s) *
19:52:29 INFO foresight.train.train: epoch  43 train -1.1392 val -1.0368 lr 0.01 (9.4s)
19:52:38 INFO foresight.train.train: epoch  44 train -1.1928 val -0.9840 lr 0.01 (9.4s)
19:52:48 INFO foresight.train.train: epoch  45 train -1.1942 val -0.8432 lr 0.01 (9.2s)
19:52:57 INFO foresight.train.train: epoch  46 train -1.1740 val -0.8884 lr 0.01 (9.3s)
19:53:07 INFO foresight.train.train: epoch  47 train -1.2195 val -1.1500 lr 0.01 (9.8s) *
19:53:16 INFO foresight.train.train: epoch  48 train -1.2215 val -1.1930 lr 0.01 (9.5s) *
19:53:26 INFO foresight.train.train: epoch  49 train -1.2212 val -1.1226 lr 0.01 (9.4s)
19:53:35 INFO foresight.train.train: epoch  50 train -1.2483 val -0.9128 lr 0.01 (9.9s)
19:53:46 INFO foresight.train.train: epoch  51 train -1.2376 val -1.1325 lr 0.01 (10.3s)
19:53:56 INFO foresight.train.train: epoch  52 train -1.2736 val -1.1204 lr 0.01 (10.6s)
19:54:07 INFO foresight.train.train: epoch  53 train -1.2480 val -1.1182 lr 0.01 (10.2s)
19:54:17 INFO foresight.train.train: epoch  54 train -1.2929 val -1.3023 lr 0.01 (10.4s) *
19:54:27 INFO foresight.train.train: epoch  55 train -1.2936 val -1.2809 lr 0.01 (10.1s)
19:54:37 INFO foresight.train.train: epoch  56 train -1.2856 val -1.2965 lr 0.01 (9.9s)
19:54:47 INFO foresight.train.train: epoch  57 train -1.3140 val -1.1512 lr 0.01 (10.0s)
19:54:57 INFO foresight.train.train: epoch  58 train -1.2856 val -0.9908 lr 0.01 (10.0s)
19:55:11 INFO foresight.train.train: epoch  59 train -1.3132 val -1.1743 lr 0.01 (14.2s)
19:55:26 INFO foresight.train.train: epoch  60 train -1.3187 val -1.0054 lr 0.01 (14.6s)
19:55:36 INFO foresight.train.train: epoch  61 train -1.3149 val -1.1846 lr 0.01 (10.3s)
19:55:45 INFO foresight.train.train: epoch  62 train -1.3228 val -1.3466 lr 0.01 (9.2s) *
19:55:55 INFO foresight.train.train: epoch  63 train -1.3645 val -1.4228 lr 0.01 (9.3s) *
19:56:05 INFO foresight.train.train: epoch  64 train -1.3124 val -1.0989 lr 0.01 (9.8s)
19:56:14 INFO foresight.train.train: epoch  65 train -1.3578 val -1.2129 lr 0.01 (9.5s)
19:56:24 INFO foresight.train.train: epoch  66 train -1.3446 val -1.1757 lr 0.01 (9.8s)
19:56:33 INFO foresight.train.train: epoch  67 train -1.3590 val -1.3754 lr 0.01 (9.7s)
19:56:43 INFO foresight.train.train: epoch  68 train -1.3889 val -1.4061 lr 0.01 (9.7s)
19:56:53 INFO foresight.train.train: epoch  69 train -1.3677 val -1.3744 lr 0.01 (9.5s)
19:57:02 INFO foresight.train.train: epoch  70 train -1.3673 val -1.4793 lr 0.01 (9.4s) *
19:57:12 INFO foresight.train.train: epoch  71 train -1.4052 val -1.2964 lr 0.01 (9.5s)
19:57:21 INFO foresight.train.train: epoch  72 train -1.3814 val -1.1986 lr 0.01 (9.3s)
19:57:30 INFO foresight.train.train: epoch  73 train -1.3742 val -1.5149 lr 0.01 (9.4s) *
19:57:40 INFO foresight.train.train: epoch  74 train -1.3977 val -1.3053 lr 0.01 (9.5s)
19:57:54 INFO foresight.train.train: epoch  75 train -1.4070 val -1.3461 lr 0.01 (14.0s)
19:58:10 INFO foresight.train.train: epoch  76 train -1.4021 val -1.4293 lr 0.01 (16.5s)
19:58:23 INFO foresight.train.train: epoch  77 train -1.4380 val -1.2774 lr 0.01 (12.7s)
19:58:33 INFO foresight.train.train: epoch  78 train -1.4221 val -1.2819 lr 0.01 (9.5s)
19:58:42 INFO foresight.train.train: epoch  79 train -1.4320 val -1.3297 lr 0.01 (9.5s)
19:58:51 INFO foresight.train.train: epoch  80 train -1.4528 val -1.1232 lr 0.01 (9.3s)
19:59:01 INFO foresight.train.train: epoch  81 train -1.4488 val -1.3842 lr 0.01 (9.4s)
19:59:10 INFO foresight.train.train: epoch  82 train -1.4281 val -1.5487 lr 0.01 (9.3s) *
19:59:20 INFO foresight.train.train: epoch  83 train -1.4352 val -1.4842 lr 0.01 (9.8s)
19:59:29 INFO foresight.train.train: epoch  84 train -1.4434 val -1.4079 lr 0.01 (9.6s)
19:59:39 INFO foresight.train.train: epoch  85 train -1.4579 val -1.1005 lr 0.01 (9.6s)
19:59:49 INFO foresight.train.train: epoch  86 train -1.4349 val -1.5378 lr 0.01 (9.6s)
19:59:58 INFO foresight.train.train: epoch  87 train -1.4811 val -1.3036 lr 0.01 (9.4s)
20:00:08 INFO foresight.train.train: epoch  88 train -1.4888 val -1.5146 lr 0.01 (9.5s)
20:00:19 INFO foresight.train.train: epoch  89 train -1.4829 val -1.4876 lr 0.01 (11.0s)
20:00:31 INFO foresight.train.train: epoch  90 train -1.4397 val -1.5033 lr 0.01 (12.1s)
20:00:44 INFO foresight.train.train: epoch  91 train -1.4634 val -1.2430 lr 0.01 (13.6s)
20:00:57 INFO foresight.train.train: epoch  92 train -1.4773 val -1.3902 lr 0.01 (12.6s)
20:01:10 INFO foresight.train.train: epoch  93 train -1.5144 val -0.8893 lr 0.01 (13.1s)
20:01:24 INFO foresight.train.train: epoch  94 train -1.4667 val -1.5117 lr 0.01 (13.4s)
20:01:36 INFO foresight.train.train: epoch  95 train -1.4970 val -1.5932 lr 0.01 (12.6s) *
20:01:46 INFO foresight.train.train: epoch  96 train -1.5078 val -1.4005 lr 0.01 (9.4s)
20:01:55 INFO foresight.train.train: epoch  97 train -1.5225 val -1.5554 lr 0.01 (9.3s)
20:02:04 INFO foresight.train.train: epoch  98 train -1.5001 val -1.6740 lr 0.01 (9.6s) *
20:02:14 INFO foresight.train.train: epoch  99 train -1.5107 val -1.4455 lr 0.01 (9.5s)
20:02:24 INFO foresight.train.train: epoch 100 train -1.5439 val -1.5849 lr 0.01 (10.3s)
20:02:35 INFO foresight.train.train: epoch 101 train -1.5255 val -1.4683 lr 0.01 (10.4s)
20:02:45 INFO foresight.train.train: epoch 102 train -1.5061 val -1.3203 lr 0.01 (10.6s)
20:02:55 INFO foresight.train.train: epoch 103 train -1.5137 val -1.6385 lr 0.01 (10.2s)
20:03:06 INFO foresight.train.train: epoch 104 train -1.5483 val -1.7020 lr 0.01 (10.4s) *
20:03:15 INFO foresight.train.train: epoch 105 train -1.5190 val -1.3659 lr 0.01 (9.4s)
20:03:25 INFO foresight.train.train: epoch 106 train -1.5325 val -1.3302 lr 0.01 (9.5s)
20:03:35 INFO foresight.train.train: epoch 107 train -1.5362 val -1.3213 lr 0.01 (9.9s)
20:03:44 INFO foresight.train.train: epoch 108 train -1.5493 val -1.4785 lr 0.01 (9.5s)
20:03:54 INFO foresight.train.train: epoch 109 train -1.5405 val -1.1477 lr 0.01 (9.5s)
20:04:03 INFO foresight.train.train: epoch 110 train -1.5140 val -1.5619 lr 0.01 (9.3s)
20:04:12 INFO foresight.train.train: epoch 111 train -1.5686 val -1.4916 lr 0.01 (9.3s)
20:04:22 INFO foresight.train.train: epoch 112 train -1.5530 val -1.4980 lr 0.01 (9.7s)
20:04:32 INFO foresight.train.train: epoch 113 train -1.5426 val -1.4720 lr 0.01 (9.6s)
20:04:41 INFO foresight.train.train: epoch 114 train -1.5689 val -1.5995 lr 0.01 (9.4s)
20:04:50 INFO foresight.train.train: epoch 115 train -1.5876 val -1.4558 lr 0.01 (9.4s)
20:05:00 INFO foresight.train.train: epoch 116 train -1.5543 val -1.7335 lr 0.01 (9.2s) *
20:05:10 INFO foresight.train.train: epoch 117 train -1.5763 val -1.7430 lr 0.01 (9.9s) *
20:05:21 INFO foresight.train.train: epoch 118 train -1.5756 val -1.3967 lr 0.01 (11.5s)
20:05:31 INFO foresight.train.train: epoch 119 train -1.5683 val -1.5682 lr 0.01 (10.0s)
20:05:43 INFO foresight.train.train: epoch 120 train -1.5839 val -1.3669 lr 0.01 (11.6s)
20:05:55 INFO foresight.train.train: epoch 121 train -1.5597 val -1.6203 lr 0.01 (12.7s)
20:06:11 INFO foresight.train.train: epoch 122 train -1.5668 val -1.6157 lr 0.01 (15.1s)
20:06:24 INFO foresight.train.train: epoch 123 train -1.5958 val -1.5581 lr 0.01 (13.4s)
20:06:37 INFO foresight.train.train: epoch 124 train -1.5768 val -1.6475 lr 0.01 (13.5s)
20:06:54 INFO foresight.train.train: epoch 125 train -1.5864 val -1.4970 lr 0.01 (16.6s)
20:07:07 INFO foresight.train.train: epoch 126 train -1.5803 val -1.5735 lr 0.01 (13.3s)
20:07:20 INFO foresight.train.train: epoch 127 train -1.6253 val -1.2848 lr 0.01 (12.7s)
20:07:33 INFO foresight.train.train: epoch 128 train -1.5677 val -1.6260 lr 0.01 (12.9s)
20:07:45 INFO foresight.train.train: epoch 129 train -1.6028 val -1.3938 lr 0.01 (12.0s)
20:07:58 INFO foresight.train.train: epoch 130 train -1.5984 val -1.5506 lr 0.01 (13.2s)
20:08:13 INFO foresight.train.train: epoch 131 train -1.6042 val -1.4535 lr 0.01 (14.6s)
20:08:28 INFO foresight.train.train: epoch 132 train -1.6377 val -1.3922 lr 0.01 (15.4s)
20:08:43 INFO foresight.train.train: epoch 133 train -1.5746 val -1.4806 lr 0.01 (14.4s)
20:08:58 INFO foresight.train.train: epoch 134 train -1.6135 val -1.6758 lr 0.01 (15.5s)
20:09:12 INFO foresight.train.train: epoch 135 train -1.5842 val -1.5368 lr 0.01 (13.3s)
20:09:24 INFO foresight.train.train: epoch 136 train -1.6269 val -1.4092 lr 0.01 (12.2s)
20:09:38 INFO foresight.train.train: epoch 137 train -1.6094 val -1.4533 lr 0.01 (14.2s)
20:09:52 INFO foresight.train.train: epoch 138 train -1.6235 val -1.6974 lr 0.01 (13.5s)
20:10:03 INFO foresight.train.train: epoch 139 train -1.6380 val -1.4811 lr 0.01 (11.4s)
20:10:13 INFO foresight.train.train: epoch 140 train -1.6226 val -1.5227 lr 0.01 (10.3s)
20:10:23 INFO foresight.train.train: epoch 141 train -1.6071 val -1.6152 lr 0.01 (9.6s)
20:10:32 INFO foresight.train.train: epoch 142 train -1.6415 val -1.5711 lr 0.01 (9.4s)
20:10:42 INFO foresight.train.train: epoch 143 train -1.6237 val -1.6452 lr 0.01 (9.6s)
20:10:51 INFO foresight.train.train: epoch 144 train -1.6445 val -1.6594 lr 0.01 (9.3s)
20:11:01 INFO foresight.train.train: epoch 145 train -1.6234 val -1.5931 lr 0.01 (9.5s)
20:11:11 INFO foresight.train.train: epoch 146 train -1.6457 val -1.6171 lr 0.01 (10.2s)
20:11:25 INFO foresight.train.train: epoch 147 train -1.6384 val -1.5889 lr 0.01 (13.9s)
20:11:38 INFO foresight.train.train: epoch 148 train -1.6133 val -1.7194 lr 0.01 (13.2s)
20:11:49 INFO foresight.train.train: epoch 149 train -1.6513 val -1.7424 lr 0.002 (10.5s)
20:12:00 INFO foresight.train.train: epoch 150 train -1.7751 val -1.6793 lr 0.002 (10.9s)
20:12:10 INFO foresight.train.train: epoch 151 train -1.7981 val -1.7533 lr 0.002 (10.5s) *
20:12:22 INFO foresight.train.train: epoch 152 train -1.7995 val -1.7115 lr 0.002 (11.8s)
20:12:32 INFO foresight.train.train: epoch 153 train -1.8031 val -1.7049 lr 0.002 (9.7s)
20:12:42 INFO foresight.train.train: epoch 154 train -1.8028 val -1.7596 lr 0.002 (10.4s) *
20:12:53 INFO foresight.train.train: epoch 155 train -1.8128 val -1.7655 lr 0.002 (10.4s) *
20:13:03 INFO foresight.train.train: epoch 156 train -1.8075 val -1.7713 lr 0.002 (10.3s) *
20:13:13 INFO foresight.train.train: epoch 157 train -1.8101 val -1.7546 lr 0.002 (10.2s)
20:13:23 INFO foresight.train.train: epoch 158 train -1.8212 val -1.7545 lr 0.002 (10.0s)
20:13:34 INFO foresight.train.train: epoch 159 train -1.8186 val -1.7855 lr 0.002 (10.5s) *
20:13:44 INFO foresight.train.train: epoch 160 train -1.8105 val -1.7472 lr 0.002 (10.4s)
20:13:56 INFO foresight.train.train: epoch 161 train -1.8267 val -1.6130 lr 0.002 (11.6s)
20:14:22 INFO foresight.train.train: epoch 162 train -1.8257 val -1.7401 lr 0.002 (25.8s)
20:14:33 INFO foresight.train.train: epoch 163 train -1.8223 val -1.6966 lr 0.002 (11.1s)
20:14:42 INFO foresight.train.train: epoch 164 train -1.8133 val -1.7660 lr 0.002 (9.4s)
20:14:52 INFO foresight.train.train: epoch 165 train -1.8254 val -1.7609 lr 0.002 (9.3s)
20:15:01 INFO foresight.train.train: epoch 166 train -1.8232 val -1.7710 lr 0.002 (9.4s)
20:15:11 INFO foresight.train.train: epoch 167 train -1.8365 val -1.6672 lr 0.002 (9.7s)
20:15:20 INFO foresight.train.train: epoch 168 train -1.8281 val -1.7796 lr 0.002 (9.3s)
20:15:30 INFO foresight.train.train: epoch 169 train -1.8309 val -1.6003 lr 0.002 (9.8s)
20:15:39 INFO foresight.train.train: epoch 170 train -1.8292 val -1.7872 lr 0.002 (9.6s) *
20:15:50 INFO foresight.train.train: epoch 171 train -1.8321 val -1.7352 lr 0.002 (10.2s)
20:16:00 INFO foresight.train.train: epoch 172 train -1.8304 val -1.7314 lr 0.002 (10.3s)
20:16:11 INFO foresight.train.train: epoch 173 train -1.8308 val -1.7636 lr 0.002 (10.7s)
20:16:22 INFO foresight.train.train: epoch 174 train -1.8268 val -1.7274 lr 0.002 (11.1s)
20:16:31 INFO foresight.train.train: epoch 175 train -1.8356 val -1.7439 lr 0.002 (9.6s)
20:16:41 INFO foresight.train.train: epoch 176 train -1.8385 val -1.7005 lr 0.002 (9.6s)
20:16:52 INFO foresight.train.train: epoch 177 train -1.8367 val -1.7885 lr 0.002 (10.9s) *
20:17:14 INFO foresight.train.train: epoch 178 train -1.8435 val -1.6127 lr 0.002 (22.2s)
20:17:24 INFO foresight.train.train: epoch 179 train -1.8416 val -1.7646 lr 0.002 (10.0s)
20:17:34 INFO foresight.train.train: epoch 180 train -1.8376 val -1.7386 lr 0.002 (9.4s)
20:17:43 INFO foresight.train.train: epoch 181 train -1.8340 val -1.6067 lr 0.002 (9.4s)
20:17:54 INFO foresight.train.train: epoch 182 train -1.8421 val -1.7528 lr 0.002 (10.8s)
20:18:12 INFO foresight.train.train: epoch 183 train -1.8483 val -1.7314 lr 0.002 (17.9s)
20:18:30 INFO foresight.train.train: epoch 184 train -1.8431 val -1.7237 lr 0.002 (18.3s)
20:18:43 INFO foresight.train.train: epoch 185 train -1.8493 val -1.7005 lr 0.002 (12.9s)
20:18:54 INFO foresight.train.train: epoch 186 train -1.8412 val -1.6381 lr 0.002 (10.2s)
20:19:03 INFO foresight.train.train: epoch 187 train -1.8421 val -1.7190 lr 0.002 (9.8s)
20:19:16 INFO foresight.train.train: epoch 188 train -1.8431 val -1.6672 lr 0.002 (12.6s)
20:19:35 INFO foresight.train.train: epoch 189 train -1.8531 val -1.7474 lr 0.002 (18.6s)
20:19:55 INFO foresight.train.train: epoch 190 train -1.8557 val -1.7135 lr 0.002 (20.1s)
20:20:14 INFO foresight.train.train: epoch 191 train -1.8429 val -1.7471 lr 0.002 (19.2s)
20:20:27 INFO foresight.train.train: epoch 192 train -1.8459 val -1.7546 lr 0.002 (12.4s)
20:20:38 INFO foresight.train.train: epoch 193 train -1.8476 val -1.6363 lr 0.002 (11.4s)
20:20:48 INFO foresight.train.train: epoch 194 train -1.8441 val -1.7043 lr 0.002 (9.6s)
20:20:57 INFO foresight.train.train: epoch 195 train -1.8572 val -1.7387 lr 0.002 (9.4s)
20:21:06 INFO foresight.train.train: epoch 196 train -1.8474 val -1.5323 lr 0.002 (9.5s)
20:21:16 INFO foresight.train.train: epoch 197 train -1.8584 val -1.6944 lr 0.002 (9.8s)
20:21:34 INFO foresight.train.train: epoch 198 train -1.8542 val -1.5181 lr 0.002 (17.6s)
20:22:04 INFO foresight.train.train: epoch 199 train -1.8406 val -1.7629 lr 0.002 (29.9s)
20:22:32 INFO foresight.train.train: epoch 200 train -1.8585 val -1.7321 lr 0.002 (28.1s)
20:22:57 INFO foresight.train.train: epoch 201 train -1.8601 val -1.6867 lr 0.002 (25.3s)
20:23:18 INFO foresight.train.train: epoch 202 train -1.8551 val -1.7083 lr 0.002 (20.2s)
20:23:38 INFO foresight.train.train: epoch 203 train -1.8573 val -1.6779 lr 0.002 (20.4s)
20:23:59 INFO foresight.train.train: epoch 204 train -1.8603 val -1.7473 lr 0.002 (20.5s)
20:24:22 INFO foresight.train.train: epoch 205 train -1.8591 val -1.5331 lr 0.002 (23.7s)
20:24:36 INFO foresight.train.train: epoch 206 train -1.8603 val -1.7442 lr 0.002 (13.9s)
20:24:51 INFO foresight.train.train: epoch 207 train -1.8457 val -1.6631 lr 0.002 (15.0s)
20:25:05 INFO foresight.train.train: epoch 208 train -1.8652 val -1.6061 lr 0.002 (13.1s)
20:25:18 INFO foresight.train.train: epoch 209 train -1.8612 val -1.7319 lr 0.002 (13.5s)
20:25:31 INFO foresight.train.train: epoch 210 train -1.8663 val -1.6196 lr 0.002 (13.1s)
20:25:44 INFO foresight.train.train: epoch 211 train -1.8688 val -1.7585 lr 0.002 (12.4s)
20:25:57 INFO foresight.train.train: epoch 212 train -1.8572 val -1.5901 lr 0.002 (12.9s)
20:26:10 INFO foresight.train.train: epoch 213 train -1.8522 val -1.7368 lr 0.002 (13.0s)
20:26:23 INFO foresight.train.train: epoch 214 train -1.8654 val -1.7533 lr 0.002 (13.0s)
20:26:37 INFO foresight.train.train: epoch 215 train -1.8674 val -1.6591 lr 0.002 (14.3s)
20:26:50 INFO foresight.train.train: epoch 216 train -1.8573 val -1.5556 lr 0.002 (13.1s)
20:27:03 INFO foresight.train.train: epoch 217 train -1.8745 val -1.7044 lr 0.002 (12.5s)
20:27:16 INFO foresight.train.train: epoch 218 train -1.8773 val -1.6706 lr 0.002 (13.5s)
20:27:30 INFO foresight.train.train: epoch 219 train -1.8760 val -1.6392 lr 0.002 (14.3s)
20:27:43 INFO foresight.train.train: epoch 220 train -1.8593 val -1.6596 lr 0.002 (12.6s)
20:27:56 INFO foresight.train.train: epoch 221 train -1.8661 val -1.6432 lr 0.002 (13.4s)
20:28:10 INFO foresight.train.train: epoch 222 train -1.8584 val -1.5680 lr 0.002 (13.5s)
20:28:23 INFO foresight.train.train: epoch 223 train -1.8738 val -1.7259 lr 0.002 (13.1s)
20:28:37 INFO foresight.train.train: epoch 224 train -1.8738 val -1.6634 lr 0.002 (14.1s)
20:28:51 INFO foresight.train.train: epoch 225 train -1.8704 val -1.5659 lr 0.002 (13.7s)
20:29:04 INFO foresight.train.train: epoch 226 train -1.8688 val -1.6214 lr 0.002 (13.0s)
20:29:18 INFO foresight.train.train: epoch 227 train -1.8692 val -1.7451 lr 0.002 (13.7s)
20:29:29 INFO foresight.train.train: epoch 228 train -1.8813 val -1.6980 lr 0.002 (11.7s)
20:29:43 INFO foresight.train.train: epoch 229 train -1.8776 val -1.6962 lr 0.002 (14.1s)
20:29:57 INFO foresight.train.train: epoch 230 train -1.8740 val -1.6341 lr 0.002 (13.5s)
20:30:10 INFO foresight.train.train: epoch 231 train -1.8715 val -1.7481 lr 0.002 (13.3s)
20:30:24 INFO foresight.train.train: epoch 232 train -1.8786 val -1.6863 lr 0.002 (13.3s)
20:30:38 INFO foresight.train.train: epoch 233 train -1.8755 val -1.6112 lr 0.002 (14.0s)
20:30:52 INFO foresight.train.train: epoch 234 train -1.8794 val -1.7620 lr 0.002 (14.2s)
20:31:05 INFO foresight.train.train: epoch 235 train -1.8672 val -1.7589 lr 0.002 (12.7s)
20:31:18 INFO foresight.train.train: epoch 236 train -1.8764 val -1.6872 lr 0.002 (13.8s)
20:31:32 INFO foresight.train.train: epoch 237 train -1.8732 val -1.7287 lr 0.002 (13.6s)
20:31:45 INFO foresight.train.train: epoch 238 train -1.8749 val -1.7211 lr 0.002 (13.0s)
20:31:55 INFO foresight.train.train: epoch 239 train -1.8792 val -1.5416 lr 0.002 (9.9s)
20:32:04 INFO foresight.train.train: epoch 240 train -1.8775 val -1.6471 lr 0.002 (9.5s)
20:32:14 INFO foresight.train.train: epoch 241 train -1.8758 val -1.6648 lr 0.002 (9.6s)
20:32:24 INFO foresight.train.train: epoch 242 train -1.8791 val -1.5529 lr 0.002 (9.6s)
20:32:33 INFO foresight.train.train: epoch 243 train -1.8810 val -1.6798 lr 0.002 (9.5s)
20:32:43 INFO foresight.train.train: epoch 244 train -1.8836 val -1.6406 lr 0.002 (9.5s)
20:32:52 INFO foresight.train.train: epoch 245 train -1.8808 val -1.6158 lr 0.002 (9.5s)
20:33:02 INFO foresight.train.train: epoch 246 train -1.8823 val -1.7107 lr 0.002 (9.8s)
20:33:12 INFO foresight.train.train: epoch 247 train -1.8729 val -1.6241 lr 0.002 (9.6s)
20:33:21 INFO foresight.train.train: epoch 248 train -1.8863 val -1.6393 lr 0.002 (9.5s)
20:33:32 INFO foresight.train.train: epoch 249 train -1.8838 val -1.6308 lr 0.002 (10.4s)
2026/09/17 20:33:33 WARNING mlflow.pytorch: Saving pytorch model by Pickle or CloudPickle format requires exercising caution because these formats rely on Python's object serialization mechanism, which can execute arbitrary code during deserialization. The recommended safe alternative is to set `serialization_format` to 'pt2' to save the PyTorch model using the safe graph model format.
2026/09/17 20:33:35 WARNING mlflow.utils.environment: Failed to resolve installed pip version. ``pip`` will be added to conda.yaml environment spec without a version specifier.
Successfully registered model 'social-stgcnn-hotel'.
Created version '1' of model 'social-stgcnn-hotel'.
20:33:35 INFO foresight.train.train: done: hotel  ADE/FDE(bo20) 0.459/0.768  det 0.720/1.423  cvm 0.323/0.617
