19:43:50 INFO foresight.train.train: data: train 2785 / val 660 / test 70 scenes (0.9s)
19:43:50 INFO foresight.train.train: model params: 7563
19:44:02 INFO foresight.train.train: epoch   0 train 1.3679 val 1.3657 lr 0.01 (11.2s) *
19:44:16 INFO foresight.train.train: epoch   1 train 0.6154 val 0.7584 lr 0.01 (14.0s) *
19:44:28 INFO foresight.train.train: epoch   2 train 0.4381 val 0.4196 lr 0.01 (11.4s) *
19:44:38 INFO foresight.train.train: epoch   3 train 0.2128 val 1.0135 lr 0.01 (10.3s)
19:44:50 INFO foresight.train.train: epoch   4 train 0.0830 val 0.2586 lr 0.01 (11.4s) *
19:45:05 INFO foresight.train.train: epoch   5 train -0.0083 val 1.1191 lr 0.01 (15.6s)
19:45:19 INFO foresight.train.train: epoch   6 train -0.0994 val 0.3389 lr 0.01 (13.5s)
19:45:30 INFO foresight.train.train: epoch   7 train -0.2592 val -0.1854 lr 0.01 (10.8s) *
19:45:41 INFO foresight.train.train: epoch   8 train -0.2943 val -0.0492 lr 0.01 (10.8s)
19:45:53 INFO foresight.train.train: epoch   9 train -0.2939 val -0.4248 lr 0.01 (12.3s) *
19:46:16 INFO foresight.train.train: epoch  10 train -0.3951 val 0.4078 lr 0.01 (22.6s)
19:46:39 INFO foresight.train.train: epoch  11 train -0.4259 val -0.0084 lr 0.01 (23.3s)
19:47:00 INFO foresight.train.train: epoch  12 train -0.4741 val 0.7811 lr 0.01 (21.0s)
19:47:19 INFO foresight.train.train: epoch  13 train -0.5292 val 0.1622 lr 0.01 (19.1s)
19:47:30 INFO foresight.train.train: epoch  14 train -0.5634 val -0.0122 lr 0.01 (11.1s)
19:47:41 INFO foresight.train.train: epoch  15 train -0.5843 val -0.2916 lr 0.01 (10.7s)
19:47:52 INFO foresight.train.train: epoch  16 train -0.6843 val 0.4258 lr 0.01 (10.8s)
19:48:02 INFO foresight.train.train: epoch  17 train -0.6404 val 0.1769 lr 0.01 (10.8s)
19:48:13 INFO foresight.train.train: epoch  18 train -0.7152 val 1.1054 lr 0.01 (10.6s)
19:48:24 INFO foresight.train.train: epoch  19 train -0.7405 val -0.5150 lr 0.01 (10.6s) *
19:48:35 INFO foresight.train.train: epoch  20 train -0.7544 val -0.2872 lr 0.01 (11.0s)
19:48:51 INFO foresight.train.train: epoch  21 train -0.7542 val -0.8497 lr 0.01 (16.7s) *
19:49:02 INFO foresight.train.train: epoch  22 train -0.8137 val -0.8333 lr 0.01 (10.8s)
19:49:13 INFO foresight.train.train: epoch  23 train -0.8771 val -0.8981 lr 0.01 (10.6s) *
19:49:25 INFO foresight.train.train: epoch  24 train -0.8337 val -0.4436 lr 0.01 (11.7s)
19:49:37 INFO foresight.train.train: epoch  25 train -0.8941 val -1.0484 lr 0.01 (12.3s) *
19:49:48 INFO foresight.train.train: epoch  26 train -0.9010 val -0.2169 lr 0.01 (10.7s)
19:50:00 INFO foresight.train.train: epoch  27 train -0.9018 val -1.0326 lr 0.01 (12.0s)
19:50:10 INFO foresight.train.train: epoch  28 train -0.9460 val -0.9796 lr 0.01 (10.6s)
19:50:21 INFO foresight.train.train: epoch  29 train -0.9811 val -0.9020 lr 0.01 (10.6s)
19:50:33 INFO foresight.train.train: epoch  30 train -0.9654 val -0.8834 lr 0.01 (12.6s)
19:50:48 INFO foresight.train.train: epoch  31 train -0.9909 val -1.0750 lr 0.01 (14.1s) *
19:51:02 INFO foresight.train.train: epoch  32 train -1.0269 val -1.0957 lr 0.01 (14.9s) *
19:51:20 INFO foresight.train.train: epoch  33 train -1.0316 val -1.1317 lr 0.01 (17.9s) *
19:51:31 INFO foresight.train.train: epoch  34 train -1.0208 val -0.6920 lr 0.01 (10.7s)
19:51:42 INFO foresight.train.train: epoch  35 train -1.0659 val -1.2505 lr 0.01 (11.0s) *
19:51:53 INFO foresight.train.train: epoch  36 train -1.0850 val -0.8883 lr 0.01 (10.5s)
19:52:03 INFO foresight.train.train: epoch  37 train -1.0637 val -0.7921 lr 0.01 (10.4s)
19:52:14 INFO foresight.train.train: epoch  38 train -1.0863 val -1.0749 lr 0.01 (10.7s)
19:52:24 INFO foresight.train.train: epoch  39 train -1.1230 val -0.7882 lr 0.01 (10.4s)
19:52:35 INFO foresight.train.train: epoch  40 train -1.1172 val -0.4874 lr 0.01 (10.4s)
19:52:45 INFO foresight.train.train: epoch  41 train -1.1081 val -1.1116 lr 0.01 (10.4s)
19:52:56 INFO foresight.train.train: epoch  42 train -1.1380 val -1.2939 lr 0.01 (10.6s) *
19:53:07 INFO foresight.train.train: epoch  43 train -1.1545 val -1.3559 lr 0.01 (10.8s) *
19:53:18 INFO foresight.train.train: epoch  44 train -1.1603 val -1.2941 lr 0.01 (11.1s)
19:53:28 INFO foresight.train.train: epoch  45 train -1.1837 val -1.3479 lr 0.01 (10.4s)
19:53:39 INFO foresight.train.train: epoch  46 train -1.1905 val -1.3811 lr 0.01 (11.0s) *
19:53:50 INFO foresight.train.train: epoch  47 train -1.1876 val -1.3637 lr 0.01 (10.8s)
19:54:01 INFO foresight.train.train: epoch  48 train -1.1864 val -1.4173 lr 0.01 (10.8s) *
19:54:12 INFO foresight.train.train: epoch  49 train -1.2257 val -1.3848 lr 0.01 (11.1s)
19:54:22 INFO foresight.train.train: epoch  50 train -1.2225 val -1.3333 lr 0.01 (10.7s)
19:54:33 INFO foresight.train.train: epoch  51 train -1.2393 val -1.1619 lr 0.01 (10.9s)
19:54:44 INFO foresight.train.train: epoch  52 train -1.2339 val -0.8534 lr 0.01 (10.4s)
19:54:54 INFO foresight.train.train: epoch  53 train -1.2273 val -1.2396 lr 0.01 (10.6s)
19:55:07 INFO foresight.train.train: epoch  54 train -1.2351 val -1.5546 lr 0.01 (13.0s) *
19:55:23 INFO foresight.train.train: epoch  55 train -1.3051 val -1.2698 lr 0.01 (15.3s)
19:55:35 INFO foresight.train.train: epoch  56 train -1.2792 val -1.0629 lr 0.01 (12.6s)
19:55:46 INFO foresight.train.train: epoch  57 train -1.2929 val -1.3739 lr 0.01 (10.7s)
19:55:57 INFO foresight.train.train: epoch  58 train -1.2906 val -1.4316 lr 0.01 (11.0s)
19:56:08 INFO foresight.train.train: epoch  59 train -1.3228 val -1.5087 lr 0.01 (10.8s)
19:56:18 INFO foresight.train.train: epoch  60 train -1.3261 val -1.5670 lr 0.01 (10.6s) *
19:56:29 INFO foresight.train.train: epoch  61 train -1.3319 val -1.1735 lr 0.01 (10.9s)
19:56:40 INFO foresight.train.train: epoch  62 train -1.2972 val -1.6050 lr 0.01 (10.4s) *
19:56:50 INFO foresight.train.train: epoch  63 train -1.3348 val -1.3034 lr 0.01 (10.4s)
19:57:01 INFO foresight.train.train: epoch  64 train -1.3493 val -1.2018 lr 0.01 (10.7s)
19:57:11 INFO foresight.train.train: epoch  65 train -1.3416 val -1.1308 lr 0.01 (10.4s)
19:57:22 INFO foresight.train.train: epoch  66 train -1.3506 val -1.2429 lr 0.01 (10.4s)
19:57:33 INFO foresight.train.train: epoch  67 train -1.3686 val -1.5503 lr 0.01 (11.0s)
19:57:44 INFO foresight.train.train: epoch  68 train -1.3621 val -1.4142 lr 0.01 (11.3s)
19:58:04 INFO foresight.train.train: epoch  69 train -1.3986 val -1.3636 lr 0.01 (19.7s)
19:58:19 INFO foresight.train.train: epoch  70 train -1.3763 val -1.3114 lr 0.01 (15.4s)
19:58:30 INFO foresight.train.train: epoch  71 train -1.4217 val -1.1751 lr 0.01 (11.4s)
19:58:41 INFO foresight.train.train: epoch  72 train -1.3844 val -1.4145 lr 0.01 (10.4s)
19:58:51 INFO foresight.train.train: epoch  73 train -1.3761 val -1.7024 lr 0.01 (10.6s) *
19:59:02 INFO foresight.train.train: epoch  74 train -1.4058 val -1.6893 lr 0.01 (10.5s)
19:59:12 INFO foresight.train.train: epoch  75 train -1.4188 val -1.3541 lr 0.01 (10.4s)
19:59:23 INFO foresight.train.train: epoch  76 train -1.3865 val -1.4209 lr 0.01 (11.1s)
19:59:34 INFO foresight.train.train: epoch  77 train -1.4326 val -1.4809 lr 0.01 (10.9s)
19:59:45 INFO foresight.train.train: epoch  78 train -1.4243 val -1.1430 lr 0.01 (10.8s)
19:59:56 INFO foresight.train.train: epoch  79 train -1.4336 val -1.5810 lr 0.01 (10.9s)
20:00:07 INFO foresight.train.train: epoch  80 train -1.4489 val -1.2400 lr 0.01 (10.6s)
20:00:19 INFO foresight.train.train: epoch  81 train -1.4248 val -1.5078 lr 0.01 (12.3s)
20:00:34 INFO foresight.train.train: epoch  82 train -1.4514 val -1.5605 lr 0.01 (15.0s)
20:00:49 INFO foresight.train.train: epoch  83 train -1.4714 val -1.6381 lr 0.01 (14.8s)
20:01:03 INFO foresight.train.train: epoch  84 train -1.4398 val -1.4599 lr 0.01 (14.3s)
20:01:19 INFO foresight.train.train: epoch  85 train -1.4959 val -1.3483 lr 0.01 (15.3s)
20:01:33 INFO foresight.train.train: epoch  86 train -1.4574 val -1.4861 lr 0.01 (14.2s)
20:01:44 INFO foresight.train.train: epoch  87 train -1.4564 val -1.2496 lr 0.01 (10.8s)
20:01:54 INFO foresight.train.train: epoch  88 train -1.4744 val -1.4575 lr 0.01 (10.4s)
20:02:05 INFO foresight.train.train: epoch  89 train -1.5086 val -1.4264 lr 0.01 (10.6s)
20:02:16 INFO foresight.train.train: epoch  90 train -1.4822 val -1.4429 lr 0.01 (11.3s)
20:02:27 INFO foresight.train.train: epoch  91 train -1.4810 val -1.6609 lr 0.01 (11.4s)
20:02:38 INFO foresight.train.train: epoch  92 train -1.4910 val -1.6050 lr 0.01 (10.9s)
20:02:49 INFO foresight.train.train: epoch  93 train -1.5157 val -1.2275 lr 0.01 (10.9s)
20:03:00 INFO foresight.train.train: epoch  94 train -1.4837 val -1.5459 lr 0.01 (11.0s)
20:03:11 INFO foresight.train.train: epoch  95 train -1.5262 val -1.3857 lr 0.01 (11.1s)
20:03:22 INFO foresight.train.train: epoch  96 train -1.5117 val -1.6359 lr 0.01 (10.5s)
20:03:32 INFO foresight.train.train: epoch  97 train -1.4831 val -1.5483 lr 0.01 (10.4s)
20:03:43 INFO foresight.train.train: epoch  98 train -1.5182 val -1.6580 lr 0.01 (10.7s)
20:03:54 INFO foresight.train.train: epoch  99 train -1.5034 val -1.6521 lr 0.01 (10.6s)
20:04:04 INFO foresight.train.train: epoch 100 train -1.5208 val -1.7395 lr 0.01 (10.1s) *
20:04:14 INFO foresight.train.train: epoch 101 train -1.5293 val -1.5980 lr 0.01 (10.8s)
20:04:25 INFO foresight.train.train: epoch 102 train -1.5020 val -1.7404 lr 0.01 (10.6s) *
20:04:36 INFO foresight.train.train: epoch 103 train -1.5460 val -1.7695 lr 0.01 (10.5s) *
20:04:46 INFO foresight.train.train: epoch 104 train -1.5418 val -1.5583 lr 0.01 (10.6s)
20:04:57 INFO foresight.train.train: epoch 105 train -1.5428 val -1.7370 lr 0.01 (10.8s)
20:05:08 INFO foresight.train.train: epoch 106 train -1.5590 val -1.3977 lr 0.01 (10.7s)
20:05:20 INFO foresight.train.train: epoch 107 train -1.5276 val -1.5870 lr 0.01 (12.3s)
20:05:31 INFO foresight.train.train: epoch 108 train -1.5509 val -1.5617 lr 0.01 (11.4s)
20:05:44 INFO foresight.train.train: epoch 109 train -1.5770 val -1.4536 lr 0.01 (12.2s)
20:05:58 INFO foresight.train.train: epoch 110 train -1.5526 val -1.7057 lr 0.01 (13.8s)
20:06:12 INFO foresight.train.train: epoch 111 train -1.5490 val -1.6631 lr 0.01 (14.2s)
20:06:27 INFO foresight.train.train: epoch 112 train -1.5596 val -1.2522 lr 0.01 (15.1s)
20:06:43 INFO foresight.train.train: epoch 113 train -1.5716 val -1.5611 lr 0.01 (16.1s)
20:07:00 INFO foresight.train.train: epoch 114 train -1.5636 val -1.6227 lr 0.01 (17.4s)
20:07:15 INFO foresight.train.train: epoch 115 train -1.5701 val -1.6127 lr 0.01 (14.6s)
20:07:31 INFO foresight.train.train: epoch 116 train -1.5739 val -1.3768 lr 0.01 (15.8s)
20:07:45 INFO foresight.train.train: epoch 117 train -1.5764 val -1.6873 lr 0.01 (14.2s)
20:08:01 INFO foresight.train.train: epoch 118 train -1.5920 val -1.1596 lr 0.01 (15.6s)
20:08:17 INFO foresight.train.train: epoch 119 train -1.5662 val -1.4409 lr 0.01 (15.9s)
20:08:33 INFO foresight.train.train: epoch 120 train -1.5864 val -1.5205 lr 0.01 (16.2s)
20:08:48 INFO foresight.train.train: epoch 121 train -1.5659 val -1.3501 lr 0.01 (15.3s)
20:09:04 INFO foresight.train.train: epoch 122 train -1.6032 val -1.6031 lr 0.01 (15.5s)
20:09:19 INFO foresight.train.train: epoch 123 train -1.5770 val -1.5356 lr 0.01 (14.9s)
20:09:34 INFO foresight.train.train: epoch 124 train -1.6107 val -1.6603 lr 0.01 (15.7s)
20:09:49 INFO foresight.train.train: epoch 125 train -1.5722 val -1.4480 lr 0.01 (14.9s)
20:10:02 INFO foresight.train.train: epoch 126 train -1.5946 val -1.4181 lr 0.01 (12.6s)
20:10:13 INFO foresight.train.train: epoch 127 train -1.6259 val -1.2021 lr 0.01 (11.7s)
20:10:24 INFO foresight.train.train: epoch 128 train -1.5901 val -1.5742 lr 0.01 (10.6s)
20:10:35 INFO foresight.train.train: epoch 129 train -1.5788 val -1.6297 lr 0.01 (10.5s)
20:10:45 INFO foresight.train.train: epoch 130 train -1.6074 val -1.6212 lr 0.01 (10.5s)
20:10:56 INFO foresight.train.train: epoch 131 train -1.6074 val -1.6187 lr 0.01 (10.9s)
20:11:07 INFO foresight.train.train: epoch 132 train -1.6329 val -1.5549 lr 0.01 (11.0s)
20:11:21 INFO foresight.train.train: epoch 133 train -1.6247 val -1.5595 lr 0.01 (13.9s)
20:11:35 INFO foresight.train.train: epoch 134 train -1.6152 val -1.4780 lr 0.01 (14.2s)
20:11:46 INFO foresight.train.train: epoch 135 train -1.6005 val -1.7946 lr 0.01 (10.6s) *
20:11:57 INFO foresight.train.train: epoch 136 train -1.6547 val -1.6497 lr 0.01 (11.1s)
20:12:07 INFO foresight.train.train: epoch 137 train -1.6206 val -1.5224 lr 0.01 (10.5s)
20:12:18 INFO foresight.train.train: epoch 138 train -1.6277 val -1.5589 lr 0.01 (10.7s)
20:12:30 INFO foresight.train.train: epoch 139 train -1.6517 val -1.6693 lr 0.01 (11.6s)
20:12:40 INFO foresight.train.train: epoch 140 train -1.6189 val -1.4787 lr 0.01 (10.5s)
20:12:51 INFO foresight.train.train: epoch 141 train -1.6422 val -1.4545 lr 0.01 (10.6s)
20:13:02 INFO foresight.train.train: epoch 142 train -1.6355 val -1.5699 lr 0.01 (10.9s)
20:13:12 INFO foresight.train.train: epoch 143 train -1.6222 val -1.6409 lr 0.01 (10.6s)
20:13:23 INFO foresight.train.train: epoch 144 train -1.6579 val -1.7329 lr 0.01 (10.8s)
20:13:34 INFO foresight.train.train: epoch 145 train -1.6394 val -1.4921 lr 0.01 (10.8s)
20:13:45 INFO foresight.train.train: epoch 146 train -1.6722 val -1.3883 lr 0.01 (10.6s)
20:14:00 INFO foresight.train.train: epoch 147 train -1.6308 val -1.5896 lr 0.01 (15.4s)
20:14:25 INFO foresight.train.train: epoch 148 train -1.6515 val -1.6147 lr 0.01 (24.7s)
20:14:37 INFO foresight.train.train: epoch 149 train -1.6849 val -1.3252 lr 0.002 (11.8s)
20:14:48 INFO foresight.train.train: epoch 150 train -1.7796 val -1.8355 lr 0.002 (11.1s) *
20:14:59 INFO foresight.train.train: epoch 151 train -1.8156 val -1.7181 lr 0.002 (10.9s)
20:15:09 INFO foresight.train.train: epoch 152 train -1.8192 val -1.8570 lr 0.002 (10.9s) *
20:15:20 INFO foresight.train.train: epoch 153 train -1.8247 val -1.7223 lr 0.002 (10.3s)
20:15:30 INFO foresight.train.train: epoch 154 train -1.8217 val -1.8411 lr 0.002 (10.4s)
20:15:42 INFO foresight.train.train: epoch 155 train -1.8285 val -1.7180 lr 0.002 (11.8s)
20:15:53 INFO foresight.train.train: epoch 156 train -1.8296 val -1.7275 lr 0.002 (10.8s)
20:16:03 INFO foresight.train.train: epoch 157 train -1.8298 val -1.8358 lr 0.002 (10.5s)
20:16:14 INFO foresight.train.train: epoch 158 train -1.8328 val -1.8109 lr 0.002 (10.8s)
20:16:25 INFO foresight.train.train: epoch 159 train -1.8337 val -1.7904 lr 0.002 (10.6s)
20:16:35 INFO foresight.train.train: epoch 160 train -1.8344 val -1.8361 lr 0.002 (10.7s)
20:16:47 INFO foresight.train.train: epoch 161 train -1.8367 val -1.8276 lr 0.002 (11.1s)
20:17:11 INFO foresight.train.train: epoch 162 train -1.8368 val -1.8476 lr 0.002 (24.3s)
20:17:22 INFO foresight.train.train: epoch 163 train -1.8385 val -1.8741 lr 0.002 (11.4s) *
20:17:33 INFO foresight.train.train: epoch 164 train -1.8418 val -1.5656 lr 0.002 (11.0s)
20:17:45 INFO foresight.train.train: epoch 165 train -1.8418 val -1.5421 lr 0.002 (11.1s)
20:17:57 INFO foresight.train.train: epoch 166 train -1.8432 val -1.8524 lr 0.002 (12.8s)
20:18:19 INFO foresight.train.train: epoch 167 train -1.8459 val -1.4821 lr 0.002 (21.9s)
20:18:39 INFO foresight.train.train: epoch 168 train -1.8464 val -1.7575 lr 0.002 (19.9s)
20:18:50 INFO foresight.train.train: epoch 169 train -1.8476 val -1.7677 lr 0.002 (10.4s)
20:19:01 INFO foresight.train.train: epoch 170 train -1.8479 val -1.6756 lr 0.002 (11.6s)
20:19:14 INFO foresight.train.train: epoch 171 train -1.8477 val -1.7612 lr 0.002 (13.1s)
20:19:36 INFO foresight.train.train: epoch 172 train -1.8510 val -1.6306 lr 0.002 (21.8s)
20:20:00 INFO foresight.train.train: epoch 173 train -1.8508 val -1.6708 lr 0.002 (23.3s)
20:20:19 INFO foresight.train.train: epoch 174 train -1.8513 val -1.8219 lr 0.002 (19.2s)
20:20:32 INFO foresight.train.train: epoch 175 train -1.8529 val -1.8512 lr 0.002 (13.3s)
20:20:43 INFO foresight.train.train: epoch 176 train -1.8533 val -1.7815 lr 0.002 (10.9s)
20:20:54 INFO foresight.train.train: epoch 177 train -1.8529 val -1.8295 lr 0.002 (10.9s)
20:21:05 INFO foresight.train.train: epoch 178 train -1.8532 val -1.8588 lr 0.002 (11.3s)
20:21:17 INFO foresight.train.train: epoch 179 train -1.8549 val -1.7902 lr 0.002 (11.4s)
20:21:36 INFO foresight.train.train: epoch 180 train -1.8569 val -1.8278 lr 0.002 (19.3s)
20:22:08 INFO foresight.train.train: epoch 181 train -1.8573 val -1.7809 lr 0.002 (31.6s)
20:22:38 INFO foresight.train.train: epoch 182 train -1.8604 val -1.7531 lr 0.002 (30.3s)
20:23:04 INFO foresight.train.train: epoch 183 train -1.8590 val -1.8596 lr 0.002 (25.6s)
20:23:26 INFO foresight.train.train: epoch 184 train -1.8588 val -1.8223 lr 0.002 (22.4s)
20:23:47 INFO foresight.train.train: epoch 185 train -1.8603 val -1.8666 lr 0.002 (21.2s)
20:24:08 INFO foresight.train.train: epoch 186 train -1.8646 val -1.7100 lr 0.002 (20.6s)
20:24:31 INFO foresight.train.train: epoch 187 train -1.8628 val -1.8402 lr 0.002 (23.1s)
20:24:47 INFO foresight.train.train: epoch 188 train -1.8637 val -1.6543 lr 0.002 (15.9s)
20:25:03 INFO foresight.train.train: epoch 189 train -1.8638 val -1.7210 lr 0.002 (16.3s)
20:25:20 INFO foresight.train.train: epoch 190 train -1.8669 val -1.6862 lr 0.002 (16.1s)
20:25:35 INFO foresight.train.train: epoch 191 train -1.8666 val -1.6257 lr 0.002 (15.0s)
20:25:52 INFO foresight.train.train: epoch 192 train -1.8679 val -1.7170 lr 0.002 (17.7s)
20:26:08 INFO foresight.train.train: epoch 193 train -1.8679 val -1.7722 lr 0.002 (15.4s)
20:26:23 INFO foresight.train.train: epoch 194 train -1.8685 val -1.8351 lr 0.002 (15.0s)
20:26:38 INFO foresight.train.train: epoch 195 train -1.8700 val -1.8763 lr 0.002 (14.8s) *
20:26:53 INFO foresight.train.train: epoch 196 train -1.8696 val -1.7586 lr 0.002 (15.8s)
20:27:09 INFO foresight.train.train: epoch 197 train -1.8715 val -1.7060 lr 0.002 (15.3s)
20:27:24 INFO foresight.train.train: epoch 198 train -1.8718 val -1.7700 lr 0.002 (15.5s)
20:27:38 INFO foresight.train.train: epoch 199 train -1.8717 val -1.6282 lr 0.002 (13.5s)
20:27:53 INFO foresight.train.train: epoch 200 train -1.8708 val -1.7562 lr 0.002 (14.8s)
20:28:08 INFO foresight.train.train: epoch 201 train -1.8703 val -1.8221 lr 0.002 (15.5s)
20:28:24 INFO foresight.train.train: epoch 202 train -1.8732 val -1.7426 lr 0.002 (16.0s)
20:28:39 INFO foresight.train.train: epoch 203 train -1.8759 val -1.8472 lr 0.002 (14.8s)
20:28:55 INFO foresight.train.train: epoch 204 train -1.8777 val -1.7956 lr 0.002 (16.0s)
20:29:11 INFO foresight.train.train: epoch 205 train -1.8762 val -1.8135 lr 0.002 (15.5s)
20:29:25 INFO foresight.train.train: epoch 206 train -1.8779 val -1.7051 lr 0.002 (14.1s)
20:29:41 INFO foresight.train.train: epoch 207 train -1.8772 val -1.8549 lr 0.002 (15.8s)
20:29:56 INFO foresight.train.train: epoch 208 train -1.8787 val -1.6673 lr 0.002 (15.8s)
20:30:12 INFO foresight.train.train: epoch 209 train -1.8779 val -1.7361 lr 0.002 (15.0s)
20:30:27 INFO foresight.train.train: epoch 210 train -1.8807 val -1.8581 lr 0.002 (15.8s)
20:30:42 INFO foresight.train.train: epoch 211 train -1.8802 val -1.7579 lr 0.002 (14.2s)
20:30:57 INFO foresight.train.train: epoch 212 train -1.8804 val -1.7481 lr 0.002 (15.5s)
20:31:13 INFO foresight.train.train: epoch 213 train -1.8799 val -1.6068 lr 0.002 (15.8s)
20:31:28 INFO foresight.train.train: epoch 214 train -1.8839 val -1.6977 lr 0.002 (15.3s)
20:31:43 INFO foresight.train.train: epoch 215 train -1.8855 val -1.8672 lr 0.002 (14.7s)
20:31:54 INFO foresight.train.train: epoch 216 train -1.8865 val -1.7619 lr 0.002 (10.9s)
20:32:04 INFO foresight.train.train: epoch 217 train -1.8835 val -1.8304 lr 0.002 (10.6s)
20:32:15 INFO foresight.train.train: epoch 218 train -1.8888 val -1.7977 lr 0.002 (10.7s)
20:32:26 INFO foresight.train.train: epoch 219 train -1.8855 val -1.7590 lr 0.002 (10.7s)
20:32:37 INFO foresight.train.train: epoch 220 train -1.8874 val -1.7530 lr 0.002 (11.0s)
20:32:47 INFO foresight.train.train: epoch 221 train -1.8888 val -1.8490 lr 0.002 (10.7s)
20:32:58 INFO foresight.train.train: epoch 222 train -1.8883 val -1.7673 lr 0.002 (10.7s)
20:33:09 INFO foresight.train.train: epoch 223 train -1.8900 val -1.7377 lr 0.002 (10.7s)
20:33:20 INFO foresight.train.train: epoch 224 train -1.8887 val -1.8791 lr 0.002 (10.9s) *
20:33:32 INFO foresight.train.train: epoch 225 train -1.8883 val -1.7793 lr 0.002 (11.7s)
20:33:42 INFO foresight.train.train: epoch 226 train -1.8917 val -1.7291 lr 0.002 (10.6s)
20:33:56 INFO foresight.train.train: epoch 227 train -1.8935 val -1.8778 lr 0.002 (13.8s)
20:34:10 INFO foresight.train.train: epoch 228 train -1.8952 val -1.7683 lr 0.002 (14.3s)
20:34:28 INFO foresight.train.train: epoch 229 train -1.8950 val -1.7841 lr 0.002 (17.1s)
20:34:48 INFO foresight.train.train: epoch 230 train -1.8932 val -1.7704 lr 0.002 (20.0s)
20:35:08 INFO foresight.train.train: epoch 231 train -1.8930 val -1.8360 lr 0.002 (20.6s)
20:35:23 INFO foresight.train.train: epoch 232 train -1.8939 val -1.8772 lr 0.002 (15.0s)
20:35:41 INFO foresight.train.train: epoch 233 train -1.8940 val -1.8246 lr 0.002 (17.6s)
20:35:57 INFO foresight.train.train: epoch 234 train -1.8973 val -1.6676 lr 0.002 (16.4s)
20:36:12 INFO foresight.train.train: epoch 235 train -1.8973 val -1.6746 lr 0.002 (14.5s)
20:36:23 INFO foresight.train.train: epoch 236 train -1.8965 val -1.7953 lr 0.002 (10.9s)
20:36:34 INFO foresight.train.train: epoch 237 train -1.9002 val -1.6139 lr 0.002 (11.2s)
20:36:47 INFO foresight.train.train: epoch 238 train -1.9001 val -1.7971 lr 0.002 (13.2s)
20:37:02 INFO foresight.train.train: epoch 239 train -1.8982 val -1.8025 lr 0.002 (14.9s)
20:37:13 INFO foresight.train.train: epoch 240 train -1.9019 val -1.7017 lr 0.002 (10.7s)
20:37:23 INFO foresight.train.train: epoch 241 train -1.9018 val -1.7846 lr 0.002 (10.5s)
20:37:34 INFO foresight.train.train: epoch 242 train -1.8989 val -1.6787 lr 0.002 (10.8s)
20:37:45 INFO foresight.train.train: epoch 243 train -1.9021 val -1.8436 lr 0.002 (11.0s)
20:37:56 INFO foresight.train.train: epoch 244 train -1.8965 val -1.7878 lr 0.002 (10.8s)
20:38:07 INFO foresight.train.train: epoch 245 train -1.9034 val -1.8320 lr 0.002 (11.0s)
20:38:18 INFO foresight.train.train: epoch 246 train -1.9043 val -1.8374 lr 0.002 (11.2s)
20:38:29 INFO foresight.train.train: epoch 247 train -1.8995 val -1.8556 lr 0.002 (10.9s)
20:38:40 INFO foresight.train.train: epoch 248 train -1.9062 val -1.7801 lr 0.002 (10.8s)
20:38:51 INFO foresight.train.train: epoch 249 train -1.9077 val -1.5835 lr 0.002 (11.1s)
2026/09/17 20:38:51 WARNING mlflow.pytorch: Saving pytorch model by Pickle or CloudPickle format requires exercising caution because these formats rely on Python's object serialization mechanism, which can execute arbitrary code during deserialization. The recommended safe alternative is to set `serialization_format` to 'pt2' to save the PyTorch model using the safe graph model format.
2026/09/17 20:38:52 WARNING mlflow.utils.environment: Failed to resolve installed pip version. ``pip`` will be added to conda.yaml environment spec without a version specifier.
Registered model 'social-stgcnn-eth' already exists. Creating a new version of this model...
Created version '2' of model 'social-stgcnn-eth'.
20:38:53 INFO foresight.train.train: done: eth  ADE/FDE(bo20) 0.743/1.317  det 1.013/1.988  cvm 0.995/2.234
