20:39:25 INFO foresight.train.train: data: train 2594 / val 621 / test 301 scenes (1.3s)
20:39:25 INFO foresight.train.train: model params: 7563
20:39:42 INFO foresight.train.train: epoch   0 train 1.4601 val 1.0239 lr 0.01 (14.9s) *
20:39:57 INFO foresight.train.train: epoch   1 train 0.6598 val 1.3787 lr 0.01 (15.1s)
20:40:11 INFO foresight.train.train: epoch   2 train 0.3529 val 0.8047 lr 0.01 (14.0s) *
20:40:24 INFO foresight.train.train: epoch   3 train 0.2858 val 0.0867 lr 0.01 (12.8s) *
20:40:35 INFO foresight.train.train: epoch   4 train 0.1475 val 0.2250 lr 0.01 (11.0s)
20:40:45 INFO foresight.train.train: epoch   5 train 0.0111 val -0.2511 lr 0.01 (10.0s) *
20:40:55 INFO foresight.train.train: epoch   6 train -0.0740 val -0.3814 lr 0.01 (10.0s) *
20:41:05 INFO foresight.train.train: epoch   7 train -0.1717 val 0.1368 lr 0.01 (9.8s)
20:41:15 INFO foresight.train.train: epoch   8 train -0.2231 val -0.5614 lr 0.01 (9.7s) *
20:41:25 INFO foresight.train.train: epoch   9 train -0.3545 val 0.4612 lr 0.01 (9.8s)
20:41:34 INFO foresight.train.train: epoch  10 train -0.3023 val -0.5618 lr 0.01 (9.7s) *
20:41:44 INFO foresight.train.train: epoch  11 train -0.4602 val -0.4520 lr 0.01 (10.1s)
20:41:54 INFO foresight.train.train: epoch  12 train -0.3966 val -0.5470 lr 0.01 (9.9s)
20:42:04 INFO foresight.train.train: epoch  13 train -0.4608 val -0.7166 lr 0.01 (9.9s) *
20:42:14 INFO foresight.train.train: epoch  14 train -0.5863 val -0.4910 lr 0.01 (9.8s)
20:42:24 INFO foresight.train.train: epoch  15 train -0.5246 val -0.7080 lr 0.01 (9.7s)
20:42:34 INFO foresight.train.train: epoch  16 train -0.6779 val -0.3785 lr 0.01 (10.0s)
20:42:43 INFO foresight.train.train: epoch  17 train -0.5659 val -0.6063 lr 0.01 (9.9s)
20:42:53 INFO foresight.train.train: epoch  18 train -0.6739 val -0.7057 lr 0.01 (9.9s)
20:43:03 INFO foresight.train.train: epoch  19 train -0.7834 val -0.9612 lr 0.01 (10.1s) *
20:43:14 INFO foresight.train.train: epoch  20 train -0.7531 val -0.3893 lr 0.01 (10.3s)
20:43:25 INFO foresight.train.train: epoch  21 train -0.7769 val -1.0259 lr 0.01 (10.8s) *
20:43:35 INFO foresight.train.train: epoch  22 train -0.7671 val -1.0475 lr 0.01 (10.3s) *
20:43:46 INFO foresight.train.train: epoch  23 train -0.8838 val -0.6416 lr 0.01 (10.7s)
20:43:56 INFO foresight.train.train: epoch  24 train -0.8525 val -0.9298 lr 0.01 (10.6s)
20:44:06 INFO foresight.train.train: epoch  25 train -0.8561 val -1.0530 lr 0.01 (10.2s) *
20:44:17 INFO foresight.train.train: epoch  26 train -0.8490 val -0.8276 lr 0.01 (10.1s)
20:44:26 INFO foresight.train.train: epoch  27 train -0.9436 val -0.8989 lr 0.01 (9.7s)
20:44:37 INFO foresight.train.train: epoch  28 train -0.9638 val -0.0248 lr 0.01 (10.2s)
20:44:47 INFO foresight.train.train: epoch  29 train -0.8354 val -0.9731 lr 0.01 (10.0s)
20:44:56 INFO foresight.train.train: epoch  30 train -0.9725 val -0.2072 lr 0.01 (9.8s)
20:45:06 INFO foresight.train.train: epoch  31 train -0.9540 val -0.9941 lr 0.01 (10.0s)
20:45:17 INFO foresight.train.train: epoch  32 train -0.9727 val -1.2132 lr 0.01 (10.1s) *
20:45:26 INFO foresight.train.train: epoch  33 train -1.0159 val -0.8566 lr 0.01 (9.8s)
20:45:36 INFO foresight.train.train: epoch  34 train -1.0370 val -1.0134 lr 0.01 (10.0s)
20:45:47 INFO foresight.train.train: epoch  35 train -1.0438 val -0.9104 lr 0.01 (10.3s)
20:45:57 INFO foresight.train.train: epoch  36 train -1.0257 val -1.1049 lr 0.01 (10.1s)
20:46:07 INFO foresight.train.train: epoch  37 train -1.0951 val -1.0655 lr 0.01 (10.2s)
20:46:18 INFO foresight.train.train: epoch  38 train -1.0415 val -1.2746 lr 0.01 (10.5s) *
20:46:28 INFO foresight.train.train: epoch  39 train -1.1163 val -1.2242 lr 0.01 (10.3s)
20:46:38 INFO foresight.train.train: epoch  40 train -1.1036 val -0.4947 lr 0.01 (10.5s)
20:46:48 INFO foresight.train.train: epoch  41 train -1.1085 val -1.0919 lr 0.01 (10.1s)
20:46:59 INFO foresight.train.train: epoch  42 train -1.0971 val -1.1803 lr 0.01 (10.3s)
20:47:09 INFO foresight.train.train: epoch  43 train -1.1458 val -1.0539 lr 0.01 (10.3s)
20:47:20 INFO foresight.train.train: epoch  44 train -1.1153 val -1.0871 lr 0.01 (10.6s)
20:47:30 INFO foresight.train.train: epoch  45 train -1.1570 val -1.3046 lr 0.01 (10.3s) *
20:47:40 INFO foresight.train.train: epoch  46 train -1.1760 val -1.1549 lr 0.01 (10.5s)
20:47:51 INFO foresight.train.train: epoch  47 train -1.1867 val -0.7485 lr 0.01 (10.5s)
20:48:01 INFO foresight.train.train: epoch  48 train -1.1865 val -1.1905 lr 0.01 (9.9s)
20:48:11 INFO foresight.train.train: epoch  49 train -1.1834 val -1.3224 lr 0.01 (10.3s) *
20:48:22 INFO foresight.train.train: epoch  50 train -1.2056 val -1.4022 lr 0.01 (10.6s) *
20:48:32 INFO foresight.train.train: epoch  51 train -1.2036 val -0.8345 lr 0.01 (10.4s)
20:48:43 INFO foresight.train.train: epoch  52 train -1.2385 val -1.2004 lr 0.01 (10.6s)
20:48:54 INFO foresight.train.train: epoch  53 train -1.1976 val -1.3242 lr 0.01 (11.2s)
20:49:04 INFO foresight.train.train: epoch  54 train -1.2644 val -0.9586 lr 0.01 (10.1s)
20:49:15 INFO foresight.train.train: epoch  55 train -1.1933 val -1.4534 lr 0.01 (10.6s) *
20:49:25 INFO foresight.train.train: epoch  56 train -1.2618 val -1.4189 lr 0.01 (10.1s)
20:49:35 INFO foresight.train.train: epoch  57 train -1.2887 val -0.7912 lr 0.01 (10.4s)
20:49:45 INFO foresight.train.train: epoch  58 train -1.2615 val -1.3578 lr 0.01 (10.1s)
20:49:56 INFO foresight.train.train: epoch  59 train -1.2987 val -1.1771 lr 0.01 (10.6s)
20:50:06 INFO foresight.train.train: epoch  60 train -1.2687 val -1.1981 lr 0.01 (10.1s)
20:50:16 INFO foresight.train.train: epoch  61 train -1.3046 val -1.0731 lr 0.01 (10.1s)
20:50:27 INFO foresight.train.train: epoch  62 train -1.3094 val -1.2786 lr 0.01 (10.5s)
20:50:37 INFO foresight.train.train: epoch  63 train -1.3076 val -1.3204 lr 0.01 (10.3s)
20:50:48 INFO foresight.train.train: epoch  64 train -1.3247 val -1.2968 lr 0.01 (10.8s)
20:50:58 INFO foresight.train.train: epoch  65 train -1.3414 val -1.2555 lr 0.01 (10.5s)
20:51:09 INFO foresight.train.train: epoch  66 train -1.3219 val -1.4619 lr 0.01 (11.0s) *
20:51:20 INFO foresight.train.train: epoch  67 train -1.3240 val -1.3621 lr 0.01 (10.2s)
20:51:30 INFO foresight.train.train: epoch  68 train -1.3594 val -0.7012 lr 0.01 (10.5s)
20:51:41 INFO foresight.train.train: epoch  69 train -1.3494 val -0.8175 lr 0.01 (10.4s)
20:51:51 INFO foresight.train.train: epoch  70 train -1.3627 val -1.1901 lr 0.01 (10.3s)
20:52:01 INFO foresight.train.train: epoch  71 train -1.3428 val -1.0932 lr 0.01 (10.1s)
20:52:11 INFO foresight.train.train: epoch  72 train -1.3586 val -1.4663 lr 0.01 (10.4s) *
20:52:21 INFO foresight.train.train: epoch  73 train -1.3724 val -1.2804 lr 0.01 (9.8s)
20:52:31 INFO foresight.train.train: epoch  74 train -1.3689 val -1.2302 lr 0.01 (9.7s)
20:52:41 INFO foresight.train.train: epoch  75 train -1.3889 val -1.3261 lr 0.01 (9.8s)
20:52:51 INFO foresight.train.train: epoch  76 train -1.3738 val -1.3622 lr 0.01 (9.9s)
20:53:01 INFO foresight.train.train: epoch  77 train -1.4180 val -1.1561 lr 0.01 (10.3s)
20:53:11 INFO foresight.train.train: epoch  78 train -1.3885 val -1.4831 lr 0.01 (9.8s) *
20:53:21 INFO foresight.train.train: epoch  79 train -1.4203 val -1.4668 lr 0.01 (10.3s)
20:53:31 INFO foresight.train.train: epoch  80 train -1.4121 val -0.9292 lr 0.01 (10.3s)
20:53:42 INFO foresight.train.train: epoch  81 train -1.4168 val -1.4246 lr 0.01 (10.2s)
20:53:52 INFO foresight.train.train: epoch  82 train -1.4185 val -1.4796 lr 0.01 (10.1s)
20:54:02 INFO foresight.train.train: epoch  83 train -1.4339 val -1.0084 lr 0.01 (10.1s)
20:54:13 INFO foresight.train.train: epoch  84 train -1.4266 val -1.5047 lr 0.01 (10.6s) *
20:54:23 INFO foresight.train.train: epoch  85 train -1.4518 val -1.2098 lr 0.01 (10.3s)
20:54:33 INFO foresight.train.train: epoch  86 train -1.4374 val -1.1026 lr 0.01 (10.5s)
20:54:44 INFO foresight.train.train: epoch  87 train -1.4497 val -1.4013 lr 0.01 (10.2s)
20:54:54 INFO foresight.train.train: epoch  88 train -1.4542 val -1.5677 lr 0.01 (10.0s) *
20:55:04 INFO foresight.train.train: epoch  89 train -1.4530 val -1.4767 lr 0.01 (10.4s)
20:55:14 INFO foresight.train.train: epoch  90 train -1.4650 val -1.3360 lr 0.01 (10.0s)
20:55:24 INFO foresight.train.train: epoch  91 train -1.4616 val -1.6414 lr 0.01 (9.9s) *
20:55:34 INFO foresight.train.train: epoch  92 train -1.4894 val -1.4794 lr 0.01 (9.9s)
20:55:44 INFO foresight.train.train: epoch  93 train -1.4388 val -1.3768 lr 0.01 (9.9s)
20:55:54 INFO foresight.train.train: epoch  94 train -1.4938 val -1.1854 lr 0.01 (9.9s)
20:56:04 INFO foresight.train.train: epoch  95 train -1.4483 val -1.3459 lr 0.01 (9.8s)
20:56:14 INFO foresight.train.train: epoch  96 train -1.4854 val -1.3176 lr 0.01 (10.0s)
20:56:23 INFO foresight.train.train: epoch  97 train -1.4866 val -1.6175 lr 0.01 (9.7s)
20:56:33 INFO foresight.train.train: epoch  98 train -1.4820 val -1.5465 lr 0.01 (9.7s)
20:56:43 INFO foresight.train.train: epoch  99 train -1.5204 val -1.1189 lr 0.01 (9.9s)
20:56:53 INFO foresight.train.train: epoch 100 train -1.4957 val -1.3620 lr 0.01 (9.8s)
20:57:03 INFO foresight.train.train: epoch 101 train -1.5215 val -1.3649 lr 0.01 (10.0s)
20:57:13 INFO foresight.train.train: epoch 102 train -1.4882 val -1.2808 lr 0.01 (9.9s)
20:57:22 INFO foresight.train.train: epoch 103 train -1.5104 val -1.3926 lr 0.01 (9.8s)
20:57:32 INFO foresight.train.train: epoch 104 train -1.5264 val -1.4273 lr 0.01 (9.7s)
20:57:42 INFO foresight.train.train: epoch 105 train -1.5359 val -1.0264 lr 0.01 (9.7s)
20:57:52 INFO foresight.train.train: epoch 106 train -1.4997 val -1.3441 lr 0.01 (9.7s)
20:58:01 INFO foresight.train.train: epoch 107 train -1.5335 val -1.2592 lr 0.01 (9.7s)
20:58:11 INFO foresight.train.train: epoch 108 train -1.5447 val -1.5544 lr 0.01 (10.1s)
20:58:21 INFO foresight.train.train: epoch 109 train -1.5226 val -1.5137 lr 0.01 (9.9s)
20:58:31 INFO foresight.train.train: epoch 110 train -1.5412 val 1.9620 lr 0.01 (9.8s)
20:58:41 INFO foresight.train.train: epoch 111 train -1.5421 val -1.0970 lr 0.01 (9.8s)
20:58:51 INFO foresight.train.train: epoch 112 train -1.5204 val -1.4785 lr 0.01 (9.6s)
20:59:01 INFO foresight.train.train: epoch 113 train -1.5358 val -0.9839 lr 0.01 (10.0s)
20:59:11 INFO foresight.train.train: epoch 114 train -1.5609 val -1.3444 lr 0.01 (9.9s)
20:59:20 INFO foresight.train.train: epoch 115 train -1.5777 val -1.0221 lr 0.01 (9.8s)
20:59:30 INFO foresight.train.train: epoch 116 train -1.5197 val -1.4688 lr 0.01 (9.7s)
20:59:40 INFO foresight.train.train: epoch 117 train -1.5575 val -1.1964 lr 0.01 (9.8s)
20:59:50 INFO foresight.train.train: epoch 118 train -1.5800 val -0.9060 lr 0.01 (9.8s)
21:00:00 INFO foresight.train.train: epoch 119 train -1.5514 val -1.4107 lr 0.01 (9.8s)
21:00:10 INFO foresight.train.train: epoch 120 train -1.5741 val -1.4897 lr 0.01 (10.3s)
21:00:20 INFO foresight.train.train: epoch 121 train -1.5606 val -1.4944 lr 0.01 (9.8s)
21:00:29 INFO foresight.train.train: epoch 122 train -1.5560 val -1.3984 lr 0.01 (9.7s)
21:00:39 INFO foresight.train.train: epoch 123 train -1.5880 val -1.6477 lr 0.01 (9.8s) *
21:00:49 INFO foresight.train.train: epoch 124 train -1.5602 val -1.5647 lr 0.01 (9.8s)
21:00:59 INFO foresight.train.train: epoch 125 train -1.5838 val -1.0994 lr 0.01 (9.9s)
21:01:09 INFO foresight.train.train: epoch 126 train -1.5668 val -1.3269 lr 0.01 (9.6s)
21:01:18 INFO foresight.train.train: epoch 127 train -1.5628 val -1.4843 lr 0.01 (9.9s)
21:01:28 INFO foresight.train.train: epoch 128 train -1.5842 val -1.6093 lr 0.01 (10.0s)
21:01:38 INFO foresight.train.train: epoch 129 train -1.5922 val 3.8458 lr 0.01 (9.7s)
21:01:48 INFO foresight.train.train: epoch 130 train -1.5827 val -0.8812 lr 0.01 (9.8s)
21:01:58 INFO foresight.train.train: epoch 131 train -1.5943 val -0.2619 lr 0.01 (9.9s)
21:02:08 INFO foresight.train.train: epoch 132 train -1.6043 val -1.6688 lr 0.01 (10.2s) *
21:02:18 INFO foresight.train.train: epoch 133 train -1.5990 val -1.6047 lr 0.01 (9.8s)
21:02:28 INFO foresight.train.train: epoch 134 train -1.5859 val -1.1345 lr 0.01 (9.8s)
21:02:38 INFO foresight.train.train: epoch 135 train -1.5799 val -1.7166 lr 0.01 (9.8s) *
21:02:47 INFO foresight.train.train: epoch 136 train -1.6105 val -1.5414 lr 0.01 (9.8s)
21:02:58 INFO foresight.train.train: epoch 137 train -1.5953 val -1.5087 lr 0.01 (10.3s)
21:03:08 INFO foresight.train.train: epoch 138 train -1.6000 val -1.5584 lr 0.01 (9.9s)
21:03:18 INFO foresight.train.train: epoch 139 train -1.6125 val -1.5217 lr 0.01 (10.0s)
21:03:27 INFO foresight.train.train: epoch 140 train -1.6161 val -1.1996 lr 0.01 (9.8s)
21:03:37 INFO foresight.train.train: epoch 141 train -1.5925 val -1.5438 lr 0.01 (9.9s)
21:03:47 INFO foresight.train.train: epoch 142 train -1.6254 val -1.6246 lr 0.01 (9.9s)
21:03:57 INFO foresight.train.train: epoch 143 train -1.6154 val -1.2626 lr 0.01 (10.1s)
21:04:08 INFO foresight.train.train: epoch 144 train -1.6357 val -0.7596 lr 0.01 (10.8s)
21:04:18 INFO foresight.train.train: epoch 145 train -1.6251 val -1.3140 lr 0.01 (10.4s)
21:04:29 INFO foresight.train.train: epoch 146 train -1.6302 val -1.6460 lr 0.01 (10.1s)
21:04:39 INFO foresight.train.train: epoch 147 train -1.6188 val -1.4352 lr 0.01 (10.6s)
21:04:49 INFO foresight.train.train: epoch 148 train -1.6466 val -1.0493 lr 0.01 (10.2s)
21:04:59 INFO foresight.train.train: epoch 149 train -1.6039 val -1.4215 lr 0.002 (10.0s)
21:05:10 INFO foresight.train.train: epoch 150 train -1.7940 val -1.7289 lr 0.002 (10.9s) *
21:05:21 INFO foresight.train.train: epoch 151 train -1.7964 val -1.7281 lr 0.002 (10.4s)
21:05:31 INFO foresight.train.train: epoch 152 train -1.8037 val -1.7778 lr 0.002 (10.6s) *
21:05:42 INFO foresight.train.train: epoch 153 train -1.7976 val -1.7519 lr 0.002 (10.4s)
21:05:52 INFO foresight.train.train: epoch 154 train -1.8102 val -1.7679 lr 0.002 (10.5s)
21:06:03 INFO foresight.train.train: epoch 155 train -1.8212 val -1.4462 lr 0.002 (10.2s)
21:06:13 INFO foresight.train.train: epoch 156 train -1.8268 val -1.6864 lr 0.002 (10.8s)
21:06:24 INFO foresight.train.train: epoch 157 train -1.8236 val -1.7616 lr 0.002 (10.3s)
21:06:34 INFO foresight.train.train: epoch 158 train -1.8193 val -1.4990 lr 0.002 (10.5s)
21:06:45 INFO foresight.train.train: epoch 159 train -1.8244 val -1.3707 lr 0.002 (10.6s)
21:06:55 INFO foresight.train.train: epoch 160 train -1.8144 val -1.2442 lr 0.002 (10.5s)
21:07:05 INFO foresight.train.train: epoch 161 train -1.8182 val -1.6465 lr 0.002 (10.2s)
21:07:15 INFO foresight.train.train: epoch 162 train -1.8180 val -1.6077 lr 0.002 (9.9s)
21:07:26 INFO foresight.train.train: epoch 163 train -1.8248 val -1.7253 lr 0.002 (10.5s)
21:07:37 INFO foresight.train.train: epoch 164 train -1.8272 val -1.7598 lr 0.002 (10.8s)
21:07:47 INFO foresight.train.train: epoch 165 train -1.8312 val -1.7087 lr 0.002 (10.6s)
21:07:58 INFO foresight.train.train: epoch 166 train -1.8381 val -1.5517 lr 0.002 (10.4s)
