20:21:17 INFO foresight.train.train: data: train 2322 / val 605 / test 602 scenes (1.1s)
20:21:17 INFO foresight.train.train: model params: 7563
20:21:37 INFO foresight.train.train: epoch   0 train 1.4285 val 1.2822 lr 0.01 (18.8s) *
20:22:04 INFO foresight.train.train: epoch   1 train 0.6537 val 1.1598 lr 0.01 (26.7s) *
20:22:30 INFO foresight.train.train: epoch   2 train 0.4222 val 0.6376 lr 0.01 (25.7s) *
20:22:54 INFO foresight.train.train: epoch   3 train 0.3339 val 0.5172 lr 0.01 (23.5s) *
20:23:13 INFO foresight.train.train: epoch   4 train 0.1244 val 0.3659 lr 0.01 (18.9s) *
20:23:31 INFO foresight.train.train: epoch   5 train 0.0277 val 0.0852 lr 0.01 (18.7s) *
20:23:49 INFO foresight.train.train: epoch   6 train -0.0862 val 0.0416 lr 0.01 (17.6s) *
20:24:09 INFO foresight.train.train: epoch   7 train -0.0936 val 0.8097 lr 0.01 (19.9s)
20:24:27 INFO foresight.train.train: epoch   8 train -0.2104 val -0.1640 lr 0.01 (18.3s) *
20:24:39 INFO foresight.train.train: epoch   9 train -0.2341 val -0.2089 lr 0.01 (11.4s) *
20:24:50 INFO foresight.train.train: epoch  10 train -0.3543 val 0.0009 lr 0.01 (11.9s)
20:25:02 INFO foresight.train.train: epoch  11 train -0.3475 val 0.0013 lr 0.01 (11.4s)
20:25:14 INFO foresight.train.train: epoch  12 train -0.3374 val -0.3599 lr 0.01 (12.2s) *
20:25:26 INFO foresight.train.train: epoch  13 train -0.4197 val -0.2911 lr 0.01 (12.3s)
20:25:39 INFO foresight.train.train: epoch  14 train -0.4655 val -0.0882 lr 0.01 (12.1s)
20:25:51 INFO foresight.train.train: epoch  15 train -0.4774 val -0.4551 lr 0.01 (12.0s) *
20:26:03 INFO foresight.train.train: epoch  16 train -0.5324 val -0.3580 lr 0.01 (12.6s)
20:26:16 INFO foresight.train.train: epoch  17 train -0.6004 val -0.3825 lr 0.01 (12.4s)
20:26:28 INFO foresight.train.train: epoch  18 train -0.6288 val -0.1882 lr 0.01 (12.6s)
20:26:40 INFO foresight.train.train: epoch  19 train -0.5912 val -0.2508 lr 0.01 (12.1s)
20:26:53 INFO foresight.train.train: epoch  20 train -0.5977 val -0.4218 lr 0.01 (12.8s)
20:27:06 INFO foresight.train.train: epoch  21 train -0.6813 val -0.5373 lr 0.01 (13.0s) *
20:27:18 INFO foresight.train.train: epoch  22 train -0.7361 val -0.3393 lr 0.01 (11.8s)
20:27:30 INFO foresight.train.train: epoch  23 train -0.7564 val 0.3154 lr 0.01 (12.2s)
20:27:44 INFO foresight.train.train: epoch  24 train -0.7142 val -0.6535 lr 0.01 (13.9s) *
20:27:57 INFO foresight.train.train: epoch  25 train -0.7630 val -0.6981 lr 0.01 (12.4s) *
20:28:09 INFO foresight.train.train: epoch  26 train -0.7978 val -0.6723 lr 0.01 (12.0s)
20:28:22 INFO foresight.train.train: epoch  27 train -0.8360 val -0.3154 lr 0.01 (13.0s)
20:28:33 INFO foresight.train.train: epoch  28 train -0.8247 val -0.6353 lr 0.01 (11.7s)
20:28:45 INFO foresight.train.train: epoch  29 train -0.8378 val -0.7238 lr 0.01 (11.7s) *
20:28:58 INFO foresight.train.train: epoch  30 train -0.8791 val -0.7381 lr 0.01 (12.2s) *
20:29:10 INFO foresight.train.train: epoch  31 train -0.8869 val -0.4789 lr 0.01 (12.7s)
20:29:24 INFO foresight.train.train: epoch  32 train -0.9124 val -0.9627 lr 0.01 (13.7s) *
20:29:36 INFO foresight.train.train: epoch  33 train -0.9096 val -1.0238 lr 0.01 (11.6s) *
20:29:48 INFO foresight.train.train: epoch  34 train -0.9169 val -0.6314 lr 0.01 (12.5s)
20:30:01 INFO foresight.train.train: epoch  35 train -0.9371 val -0.8343 lr 0.01 (12.5s)
20:30:13 INFO foresight.train.train: epoch  36 train -0.9576 val -0.4406 lr 0.01 (12.5s)
20:30:26 INFO foresight.train.train: epoch  37 train -1.0062 val -0.9802 lr 0.01 (12.7s)
20:30:38 INFO foresight.train.train: epoch  38 train -0.9756 val -0.5440 lr 0.01 (12.4s)
20:30:51 INFO foresight.train.train: epoch  39 train -0.9871 val -0.6041 lr 0.01 (12.7s)
20:31:04 INFO foresight.train.train: epoch  40 train -1.0133 val -0.9791 lr 0.01 (12.7s)
20:31:17 INFO foresight.train.train: epoch  41 train -0.9429 val -0.9440 lr 0.01 (12.9s)
20:31:30 INFO foresight.train.train: epoch  42 train -1.0557 val -0.9155 lr 0.01 (13.0s)
20:31:42 INFO foresight.train.train: epoch  43 train -1.0501 val -1.0014 lr 0.01 (12.3s)
20:31:51 INFO foresight.train.train: epoch  44 train -1.0827 val -1.0368 lr 0.01 (9.4s) *
20:32:01 INFO foresight.train.train: epoch  45 train -1.0653 val -1.0343 lr 0.01 (9.2s)
20:32:10 INFO foresight.train.train: epoch  46 train -1.0854 val -0.9613 lr 0.01 (9.3s)
20:32:19 INFO foresight.train.train: epoch  47 train -1.1116 val -0.8848 lr 0.01 (9.3s)
20:32:28 INFO foresight.train.train: epoch  48 train -1.0819 val -1.0380 lr 0.01 (8.9s) *
20:32:37 INFO foresight.train.train: epoch  49 train -1.1067 val -1.1819 lr 0.01 (8.8s) *
20:32:46 INFO foresight.train.train: epoch  50 train -1.1576 val -0.5730 lr 0.01 (8.7s)
20:32:55 INFO foresight.train.train: epoch  51 train -1.0872 val -1.1456 lr 0.01 (9.0s)
20:33:04 INFO foresight.train.train: epoch  52 train -1.1154 val -1.2671 lr 0.01 (8.9s) *
20:33:12 INFO foresight.train.train: epoch  53 train -1.1725 val -1.2917 lr 0.01 (8.7s) *
20:33:21 INFO foresight.train.train: epoch  54 train -1.1948 val -0.7755 lr 0.01 (8.8s)
20:33:31 INFO foresight.train.train: epoch  55 train -1.1113 val -1.0172 lr 0.01 (9.7s)
20:33:40 INFO foresight.train.train: epoch  56 train -1.1633 val -1.2373 lr 0.01 (9.3s)
20:33:51 INFO foresight.train.train: epoch  57 train -1.1853 val -0.9381 lr 0.01 (10.7s)
20:34:03 INFO foresight.train.train: epoch  58 train -1.2074 val -1.1590 lr 0.01 (12.0s)
20:34:16 INFO foresight.train.train: epoch  59 train -1.1871 val -1.2802 lr 0.01 (12.6s)
20:34:32 INFO foresight.train.train: epoch  60 train -1.2448 val -1.0423 lr 0.01 (16.8s)
20:34:48 INFO foresight.train.train: epoch  61 train -1.2032 val -1.1959 lr 0.01 (15.9s)
20:35:06 INFO foresight.train.train: epoch  62 train -1.2049 val -1.0030 lr 0.01 (17.8s)
20:35:20 INFO foresight.train.train: epoch  63 train -1.2325 val -1.2237 lr 0.01 (13.6s)
20:35:32 INFO foresight.train.train: epoch  64 train -1.2272 val -1.3790 lr 0.01 (12.1s) *
20:35:49 INFO foresight.train.train: epoch  65 train -1.2479 val -1.3145 lr 0.01 (17.2s)
20:36:01 INFO foresight.train.train: epoch  66 train -1.2882 val -1.0940 lr 0.01 (11.2s)
20:36:12 INFO foresight.train.train: epoch  67 train -1.2620 val -0.9320 lr 0.01 (11.7s)
20:36:21 INFO foresight.train.train: epoch  68 train -1.2741 val -1.3691 lr 0.01 (9.1s)
20:36:31 INFO foresight.train.train: epoch  69 train -1.2674 val -1.2589 lr 0.01 (9.1s)
20:36:42 INFO foresight.train.train: epoch  70 train -1.2751 val -1.3615 lr 0.01 (11.5s)
20:36:53 INFO foresight.train.train: epoch  71 train -1.2976 val -1.3118 lr 0.01 (10.8s)
20:37:04 INFO foresight.train.train: epoch  72 train -1.2946 val -1.3447 lr 0.01 (11.4s)
20:37:13 INFO foresight.train.train: epoch  73 train -1.2973 val -1.3100 lr 0.01 (9.2s)
20:37:23 INFO foresight.train.train: epoch  74 train -1.3258 val -1.3778 lr 0.01 (9.4s)
20:37:32 INFO foresight.train.train: epoch  75 train -1.2309 val -1.2926 lr 0.01 (9.4s)
20:37:42 INFO foresight.train.train: epoch  76 train -1.3328 val -1.0666 lr 0.01 (9.6s)
20:37:51 INFO foresight.train.train: epoch  77 train -1.3556 val -1.0937 lr 0.01 (9.5s)
20:38:01 INFO foresight.train.train: epoch  78 train -1.3402 val -1.2192 lr 0.01 (9.3s)
20:38:10 INFO foresight.train.train: epoch  79 train -1.3314 val -1.2288 lr 0.01 (8.9s)
20:38:19 INFO foresight.train.train: epoch  80 train -1.3313 val -1.3587 lr 0.01 (8.9s)
20:38:28 INFO foresight.train.train: epoch  81 train -1.3750 val -1.3894 lr 0.01 (9.2s) *
20:38:37 INFO foresight.train.train: epoch  82 train -1.3764 val -1.2669 lr 0.01 (9.0s)
20:38:45 INFO foresight.train.train: epoch  83 train -1.3377 val -1.5075 lr 0.01 (8.8s) *
20:38:54 INFO foresight.train.train: epoch  84 train -1.3874 val -1.2888 lr 0.01 (8.8s)
20:39:03 INFO foresight.train.train: epoch  85 train -1.3433 val -1.1912 lr 0.01 (8.8s)
20:39:12 INFO foresight.train.train: epoch  86 train -1.4090 val -1.5145 lr 0.01 (8.8s) *
20:39:22 INFO foresight.train.train: epoch  87 train -1.3576 val -1.3431 lr 0.01 (9.7s)
20:39:31 INFO foresight.train.train: epoch  88 train -1.3821 val -1.2854 lr 0.01 (9.7s)
20:39:41 INFO foresight.train.train: epoch  89 train -1.3918 val -0.4515 lr 0.01 (10.1s)
20:39:51 INFO foresight.train.train: epoch  90 train -1.3638 val -1.5092 lr 0.01 (9.7s)
20:40:01 INFO foresight.train.train: epoch  91 train -1.4046 val -0.8413 lr 0.01 (9.7s)
20:40:10 INFO foresight.train.train: epoch  92 train -1.3509 val -1.2917 lr 0.01 (9.0s)
20:40:19 INFO foresight.train.train: epoch  93 train -1.4106 val -1.2378 lr 0.01 (9.4s)
20:40:28 INFO foresight.train.train: epoch  94 train -1.4178 val -0.9092 lr 0.01 (8.9s)
20:40:38 INFO foresight.train.train: epoch  95 train -1.3774 val -1.3492 lr 0.01 (9.9s)
20:40:47 INFO foresight.train.train: epoch  96 train -1.4467 val -0.8504 lr 0.01 (9.2s)
20:40:57 INFO foresight.train.train: epoch  97 train -1.4075 val -1.2927 lr 0.01 (10.0s)
20:41:07 INFO foresight.train.train: epoch  98 train -1.4412 val -1.0190 lr 0.01 (9.7s)
20:41:17 INFO foresight.train.train: epoch  99 train -1.4508 val -1.0393 lr 0.01 (9.5s)
20:41:26 INFO foresight.train.train: epoch 100 train -1.4229 val -1.1125 lr 0.01 (9.1s)
20:41:34 INFO foresight.train.train: epoch 101 train -1.4366 val -1.2102 lr 0.01 (8.8s)
20:41:44 INFO foresight.train.train: epoch 102 train -1.4502 val -1.2885 lr 0.01 (9.2s)
20:41:53 INFO foresight.train.train: epoch 103 train -1.4396 val -1.0109 lr 0.01 (9.1s)
20:42:02 INFO foresight.train.train: epoch 104 train -1.4396 val -1.6350 lr 0.01 (9.2s) *
20:42:11 INFO foresight.train.train: epoch 105 train -1.4713 val -1.4361 lr 0.01 (9.3s)
20:42:21 INFO foresight.train.train: epoch 106 train -1.4811 val -1.3997 lr 0.01 (9.7s)
20:42:31 INFO foresight.train.train: epoch 107 train -1.4196 val -1.2497 lr 0.01 (9.4s)
20:42:40 INFO foresight.train.train: epoch 108 train -1.4780 val -1.4904 lr 0.01 (9.6s)
20:42:50 INFO foresight.train.train: epoch 109 train -1.4577 val -1.2382 lr 0.01 (9.5s)
20:42:59 INFO foresight.train.train: epoch 110 train -1.4626 val -1.5055 lr 0.01 (9.6s)
20:43:09 INFO foresight.train.train: epoch 111 train -1.4700 val -1.3218 lr 0.01 (9.9s)
20:43:19 INFO foresight.train.train: epoch 112 train -1.4880 val -0.9812 lr 0.01 (9.6s)
20:43:28 INFO foresight.train.train: epoch 113 train -1.4967 val -1.3202 lr 0.01 (9.6s)
20:43:38 INFO foresight.train.train: epoch 114 train -1.4753 val -1.2518 lr 0.01 (9.4s)
20:43:47 INFO foresight.train.train: epoch 115 train -1.4977 val -1.4964 lr 0.01 (9.3s)
20:43:57 INFO foresight.train.train: epoch 116 train -1.4900 val -1.5876 lr 0.01 (9.3s)
20:44:06 INFO foresight.train.train: epoch 117 train -1.5160 val -1.3864 lr 0.01 (9.7s)
20:44:16 INFO foresight.train.train: epoch 118 train -1.5054 val -1.4406 lr 0.01 (9.6s)
20:44:26 INFO foresight.train.train: epoch 119 train -1.5113 val -1.1097 lr 0.01 (9.9s)
20:44:35 INFO foresight.train.train: epoch 120 train -1.4642 val -1.5720 lr 0.01 (9.6s)
20:44:45 INFO foresight.train.train: epoch 121 train -1.5409 val -1.5737 lr 0.01 (9.8s)
20:44:56 INFO foresight.train.train: epoch 122 train -1.4926 val -1.5656 lr 0.01 (10.4s)
20:45:06 INFO foresight.train.train: epoch 123 train -1.5155 val -1.5349 lr 0.01 (10.5s)
20:45:16 INFO foresight.train.train: epoch 124 train -1.5295 val -1.5000 lr 0.01 (9.7s)
20:45:25 INFO foresight.train.train: epoch 125 train -1.5150 val -1.6151 lr 0.01 (9.7s)
20:45:35 INFO foresight.train.train: epoch 126 train -1.5416 val -1.5786 lr 0.01 (9.9s)
20:45:45 INFO foresight.train.train: epoch 127 train -1.5492 val -1.4806 lr 0.01 (9.3s)
20:45:55 INFO foresight.train.train: epoch 128 train -1.5083 val -1.3286 lr 0.01 (10.3s)
20:46:06 INFO foresight.train.train: epoch 129 train -1.5312 val -1.4812 lr 0.01 (10.7s)
20:46:24 INFO foresight.train.train: epoch 130 train -1.5289 val -1.6068 lr 0.01 (18.3s)
20:46:34 INFO foresight.train.train: epoch 131 train -1.5238 val -1.3365 lr 0.01 (10.1s)
20:46:44 INFO foresight.train.train: epoch 132 train -1.5554 val -1.2866 lr 0.01 (9.7s)
20:46:54 INFO foresight.train.train: epoch 133 train -1.4733 val -1.5591 lr 0.01 (9.8s)
20:47:03 INFO foresight.train.train: epoch 134 train -1.5747 val -1.3886 lr 0.01 (9.4s)
20:47:12 INFO foresight.train.train: epoch 135 train -1.5359 val -1.6511 lr 0.01 (9.3s) *
20:47:22 INFO foresight.train.train: epoch 136 train -1.5499 val -1.5370 lr 0.01 (9.9s)
20:47:32 INFO foresight.train.train: epoch 137 train -1.5355 val -1.5424 lr 0.01 (9.2s)
20:47:41 INFO foresight.train.train: epoch 138 train -1.5758 val -1.2282 lr 0.01 (9.7s)
20:47:51 INFO foresight.train.train: epoch 139 train -1.5431 val -1.4634 lr 0.01 (9.6s)
20:48:01 INFO foresight.train.train: epoch 140 train -1.5579 val -1.4899 lr 0.01 (9.9s)
20:48:10 INFO foresight.train.train: epoch 141 train -1.5772 val -1.3740 lr 0.01 (9.1s)
20:48:20 INFO foresight.train.train: epoch 142 train -1.5467 val -1.5477 lr 0.01 (9.8s)
20:48:29 INFO foresight.train.train: epoch 143 train -1.5886 val -1.3100 lr 0.01 (9.1s)
20:48:38 INFO foresight.train.train: epoch 144 train -1.5567 val -1.3874 lr 0.01 (9.3s)
20:48:47 INFO foresight.train.train: epoch 145 train -1.5500 val -1.4529 lr 0.01 (9.0s)
20:48:56 INFO foresight.train.train: epoch 146 train -1.5443 val -1.3086 lr 0.01 (9.0s)
20:49:05 INFO foresight.train.train: epoch 147 train -1.6266 val -1.3733 lr 0.01 (9.2s)
20:49:14 INFO foresight.train.train: epoch 148 train -1.5617 val -1.5260 lr 0.01 (9.0s)
20:49:23 INFO foresight.train.train: epoch 149 train -1.6013 val -1.5484 lr 0.002 (8.7s)
20:49:32 INFO foresight.train.train: epoch 150 train -1.7153 val -1.6212 lr 0.002 (9.1s)
20:49:41 INFO foresight.train.train: epoch 151 train -1.7642 val -1.5721 lr 0.002 (9.2s)
20:49:50 INFO foresight.train.train: epoch 152 train -1.7380 val -1.6787 lr 0.002 (9.0s) *
20:49:59 INFO foresight.train.train: epoch 153 train -1.7700 val -1.6550 lr 0.002 (8.9s)
20:50:08 INFO foresight.train.train: epoch 154 train -1.7748 val -1.5763 lr 0.002 (9.0s)
20:50:18 INFO foresight.train.train: epoch 155 train -1.7520 val -1.7486 lr 0.002 (9.2s) *
20:50:26 INFO foresight.train.train: epoch 156 train -1.7725 val -1.7413 lr 0.002 (8.8s)
20:50:35 INFO foresight.train.train: epoch 157 train -1.7802 val -1.5896 lr 0.002 (9.0s)
20:50:44 INFO foresight.train.train: epoch 158 train -1.7736 val -1.7130 lr 0.002 (8.7s)
20:50:54 INFO foresight.train.train: epoch 159 train -1.7785 val -1.7335 lr 0.002 (10.1s)
20:51:04 INFO foresight.train.train: epoch 160 train -1.7684 val -1.5577 lr 0.002 (9.8s)
20:51:14 INFO foresight.train.train: epoch 161 train -1.7735 val -1.7491 lr 0.002 (10.0s) *
20:51:24 INFO foresight.train.train: epoch 162 train -1.7777 val -1.7157 lr 0.002 (9.5s)
20:51:34 INFO foresight.train.train: epoch 163 train -1.7611 val -1.4375 lr 0.002 (10.6s)
20:51:44 INFO foresight.train.train: epoch 164 train -1.7879 val -1.5404 lr 0.002 (9.8s)
20:51:54 INFO foresight.train.train: epoch 165 train -1.8008 val -1.3447 lr 0.002 (9.7s)
20:52:03 INFO foresight.train.train: epoch 166 train -1.7768 val -1.6262 lr 0.002 (9.4s)
20:52:13 INFO foresight.train.train: epoch 167 train -1.7880 val -1.7265 lr 0.002 (9.9s)
20:52:23 INFO foresight.train.train: epoch 168 train -1.7766 val -1.7212 lr 0.002 (9.6s)
20:52:32 INFO foresight.train.train: epoch 169 train -1.7812 val -1.5312 lr 0.002 (9.4s)
20:52:42 INFO foresight.train.train: epoch 170 train -1.7861 val -1.7034 lr 0.002 (9.5s)
20:52:52 INFO foresight.train.train: epoch 171 train -1.7858 val -1.6680 lr 0.002 (10.2s)
20:53:01 INFO foresight.train.train: epoch 172 train -1.7930 val -1.6489 lr 0.002 (9.0s)
20:53:10 INFO foresight.train.train: epoch 173 train -1.7939 val -1.6807 lr 0.002 (9.0s)
20:53:19 INFO foresight.train.train: epoch 174 train -1.8144 val -1.4488 lr 0.002 (9.7s)
20:53:29 INFO foresight.train.train: epoch 175 train -1.7788 val -1.7750 lr 0.002 (9.5s) *
20:53:38 INFO foresight.train.train: epoch 176 train -1.7920 val -1.7126 lr 0.002 (9.6s)
20:53:48 INFO foresight.train.train: epoch 177 train -1.8005 val -1.7049 lr 0.002 (9.4s)
20:53:57 INFO foresight.train.train: epoch 178 train -1.8097 val -1.6896 lr 0.002 (9.4s)
20:54:07 INFO foresight.train.train: epoch 179 train -1.7867 val -1.7400 lr 0.002 (9.8s)
20:54:16 INFO foresight.train.train: epoch 180 train -1.7947 val -1.7553 lr 0.002 (9.2s)
20:54:25 INFO foresight.train.train: epoch 181 train -1.8046 val -1.5146 lr 0.002 (9.1s)
20:54:35 INFO foresight.train.train: epoch 182 train -1.8104 val -1.6790 lr 0.002 (9.2s)
20:54:44 INFO foresight.train.train: epoch 183 train -1.7861 val -1.7525 lr 0.002 (9.4s)
20:54:54 INFO foresight.train.train: epoch 184 train -1.8077 val -1.6722 lr 0.002 (9.5s)
20:55:03 INFO foresight.train.train: epoch 185 train -1.8088 val -1.6724 lr 0.002 (9.4s)
20:55:12 INFO foresight.train.train: epoch 186 train -1.7909 val -1.7697 lr 0.002 (9.1s)
20:55:22 INFO foresight.train.train: epoch 187 train -1.7946 val -1.6289 lr 0.002 (9.5s)
20:55:32 INFO foresight.train.train: epoch 188 train -1.8057 val -1.7130 lr 0.002 (10.0s)
20:55:41 INFO foresight.train.train: epoch 189 train -1.8127 val -1.6813 lr 0.002 (9.8s)
20:55:52 INFO foresight.train.train: epoch 190 train -1.8098 val -1.7510 lr 0.002 (10.3s)
20:56:01 INFO foresight.train.train: epoch 191 train -1.8259 val -1.7015 lr 0.002 (9.5s)
20:56:11 INFO foresight.train.train: epoch 192 train -1.8149 val -1.6593 lr 0.002 (9.2s)
20:56:20 INFO foresight.train.train: epoch 193 train -1.8166 val -1.6531 lr 0.002 (9.4s)
20:56:30 INFO foresight.train.train: epoch 194 train -1.8170 val -1.6594 lr 0.002 (9.7s)
20:56:40 INFO foresight.train.train: epoch 195 train -1.8388 val -1.4668 lr 0.002 (10.5s)
20:56:50 INFO foresight.train.train: epoch 196 train -1.8066 val -1.5221 lr 0.002 (10.1s)
20:57:00 INFO foresight.train.train: epoch 197 train -1.8068 val -1.7075 lr 0.002 (9.8s)
20:57:10 INFO foresight.train.train: epoch 198 train -1.8245 val -1.6867 lr 0.002 (9.4s)
20:57:20 INFO foresight.train.train: epoch 199 train -1.8187 val -1.7357 lr 0.002 (10.2s)
20:57:29 INFO foresight.train.train: epoch 200 train -1.8057 val -1.4878 lr 0.002 (9.5s)
20:57:39 INFO foresight.train.train: epoch 201 train -1.8281 val -1.4382 lr 0.002 (9.4s)
20:57:48 INFO foresight.train.train: epoch 202 train -1.8159 val -1.7574 lr 0.002 (9.2s)
20:57:58 INFO foresight.train.train: epoch 203 train -1.8301 val -1.2360 lr 0.002 (10.1s)
20:58:07 INFO foresight.train.train: epoch 204 train -1.8195 val -1.7426 lr 0.002 (9.5s)
20:58:17 INFO foresight.train.train: epoch 205 train -1.8206 val -1.7710 lr 0.002 (9.4s)
20:58:26 INFO foresight.train.train: epoch 206 train -1.8230 val -1.6817 lr 0.002 (9.5s)
20:58:36 INFO foresight.train.train: epoch 207 train -1.8307 val -1.6286 lr 0.002 (9.7s)
20:58:45 INFO foresight.train.train: epoch 208 train -1.8248 val -1.7108 lr 0.002 (9.1s)
20:58:54 INFO foresight.train.train: epoch 209 train -1.8180 val -1.6384 lr 0.002 (9.4s)
20:59:04 INFO foresight.train.train: epoch 210 train -1.8232 val -1.6944 lr 0.002 (9.4s)
20:59:14 INFO foresight.train.train: epoch 211 train -1.8382 val -1.6147 lr 0.002 (9.7s)
20:59:23 INFO foresight.train.train: epoch 212 train -1.8246 val -1.7384 lr 0.002 (9.2s)
20:59:32 INFO foresight.train.train: epoch 213 train -1.8357 val -1.4641 lr 0.002 (9.2s)
20:59:41 INFO foresight.train.train: epoch 214 train -1.8141 val -1.7014 lr 0.002 (9.3s)
20:59:51 INFO foresight.train.train: epoch 215 train -1.8243 val -1.0745 lr 0.002 (10.1s)
21:00:01 INFO foresight.train.train: epoch 216 train -1.8279 val -1.6776 lr 0.002 (9.9s)
21:00:11 INFO foresight.train.train: epoch 217 train -1.8297 val -1.6841 lr 0.002 (9.2s)
21:00:20 INFO foresight.train.train: epoch 218 train -1.8431 val -1.6218 lr 0.002 (9.9s)
21:00:30 INFO foresight.train.train: epoch 219 train -1.8505 val -1.5412 lr 0.002 (9.7s)
21:00:40 INFO foresight.train.train: epoch 220 train -1.8444 val -1.4619 lr 0.002 (9.6s)
21:00:49 INFO foresight.train.train: epoch 221 train -1.8098 val -1.7305 lr 0.002 (9.6s)
21:00:59 INFO foresight.train.train: epoch 222 train -1.8278 val -1.7380 lr 0.002 (9.6s)
21:01:09 INFO foresight.train.train: epoch 223 train -1.8423 val -1.4193 lr 0.002 (9.8s)
21:01:18 INFO foresight.train.train: epoch 224 train -1.8255 val -1.7792 lr 0.002 (9.4s) *
21:01:28 INFO foresight.train.train: epoch 225 train -1.8465 val -1.2272 lr 0.002 (9.3s)
21:01:37 INFO foresight.train.train: epoch 226 train -1.8131 val -1.6473 lr 0.002 (9.4s)
21:01:47 INFO foresight.train.train: epoch 227 train -1.8216 val -1.6250 lr 0.002 (9.7s)
21:01:56 INFO foresight.train.train: epoch 228 train -1.8203 val -1.7740 lr 0.002 (9.5s)
21:02:06 INFO foresight.train.train: epoch 229 train -1.8518 val -1.5598 lr 0.002 (9.5s)
21:02:15 INFO foresight.train.train: epoch 230 train -1.8387 val -1.7368 lr 0.002 (9.5s)
21:02:24 INFO foresight.train.train: epoch 231 train -1.8418 val -1.6049 lr 0.002 (9.3s)
21:02:34 INFO foresight.train.train: epoch 232 train -1.8477 val -1.6628 lr 0.002 (9.5s)
21:02:43 INFO foresight.train.train: epoch 233 train -1.8383 val -1.4898 lr 0.002 (9.4s)
21:02:53 INFO foresight.train.train: epoch 234 train -1.8358 val -1.6743 lr 0.002 (9.2s)
21:03:02 INFO foresight.train.train: epoch 235 train -1.8348 val -1.5924 lr 0.002 (9.3s)
21:03:11 INFO foresight.train.train: epoch 236 train -1.8485 val -1.6938 lr 0.002 (9.4s)
21:03:21 INFO foresight.train.train: epoch 237 train -1.8215 val -1.5272 lr 0.002 (9.4s)
21:03:31 INFO foresight.train.train: epoch 238 train -1.8812 val -1.2126 lr 0.002 (9.8s)
21:03:40 INFO foresight.train.train: epoch 239 train -1.8309 val -1.6524 lr 0.002 (9.6s)
21:03:50 INFO foresight.train.train: epoch 240 train -1.8225 val -1.7365 lr 0.002 (10.0s)
21:04:00 INFO foresight.train.train: epoch 241 train -1.8458 val -1.6494 lr 0.002 (9.8s)
21:04:10 INFO foresight.train.train: epoch 242 train -1.8314 val -1.7641 lr 0.002 (9.7s)
21:04:20 INFO foresight.train.train: epoch 243 train -1.8465 val -1.5925 lr 0.002 (9.8s)
21:04:29 INFO foresight.train.train: epoch 244 train -1.8356 val -1.7202 lr 0.002 (9.0s)
21:04:37 INFO foresight.train.train: epoch 245 train -1.8433 val -1.5534 lr 0.002 (8.8s)
21:04:47 INFO foresight.train.train: epoch 246 train -1.8370 val -1.5085 lr 0.002 (9.6s)
21:04:57 INFO foresight.train.train: epoch 247 train -1.8459 val -1.6211 lr 0.002 (9.6s)
21:05:06 INFO foresight.train.train: epoch 248 train -1.8412 val -1.6108 lr 0.002 (9.2s)
21:05:15 INFO foresight.train.train: epoch 249 train -1.8426 val -1.7578 lr 0.002 (8.8s)
2026/09/17 21:05:18 WARNING mlflow.pytorch: Saving pytorch model by Pickle or CloudPickle format requires exercising caution because these formats rely on Python's object serialization mechanism, which can execute arbitrary code during deserialization. The recommended safe alternative is to set `serialization_format` to 'pt2' to save the PyTorch model using the safe graph model format.
2026/09/17 21:05:19 WARNING mlflow.utils.environment: Failed to resolve installed pip version. ``pip`` will be added to conda.yaml environment spec without a version specifier.
Successfully registered model 'social-stgcnn-zara1'.
Created version '1' of model 'social-stgcnn-zara1'.
21:05:19 INFO foresight.train.train: done: zara1  ADE/FDE(bo20) 0.345/0.539  det 0.539/1.077  cvm 0.431/0.960
